******************************************************************************
                  TI ARM Linker Unix v18.1.4                   
******************************************************************************
>> Linked Mon Mar 25 21:50:05 2019

OUTPUT FILE NAME:   <Lab06_GPIO.out>
ENTRY POINT SYMBOL: "_c_int00_noargs"  address: 000010d9


MEMORY CONFIGURATION

         name            origin    length      used     unused   attr    fill
----------------------  --------  ---------  --------  --------  ----  --------
  MAIN                  00000000   00040000  0000131e  0003ece2  R  X
  INFO                  00200000   00004000  00000000  00004000  R  X
  SRAM_CODE             01000000   00010000  0000024e  0000fdb2  RW X
  SRAM_DATA             20000000   00010000  0000024e  0000fdb2  RW  


SEGMENT ALLOCATION MAP

run origin  load origin   length   init length attrs members
----------  ----------- ---------- ----------- ----- -------
00000000    00000000    00001320   00001320    r-x
  00000000    00000000    000000e4   000000e4    r-- .intvecs
  000000e4    000000e4    00001062   00001062    r-x .text
  00001148    00001148    00000180   00000180    r-- .const
  000012c8    000012c8    00000058   00000058    r-- .cinit
20000000    20000000    0000004e   00000000    rw-
  20000000    20000000    00000048   00000000    rw- .data
  20000048    20000048    00000006   00000000    rw- .bss
2000fe00    2000fe00    00000200   00000000    rw-
  2000fe00    2000fe00    00000200   00000000    rw- .stack


SECTION ALLOCATION MAP

 output                                  attributes/
section   page    origin      length       input sections
--------  ----  ----------  ----------   ----------------
.intvecs   0    00000000    000000e4     
                  00000000    000000e4     startup_msp432p401r_ccs.obj (.intvecs:retain)

.text      0    000000e4    00001062     
                  000000e4    00000630     TExaS.obj (.text)
                  00000714    0000032c     system_msp432p401r.obj (.text)
                  00000a40    0000025c     Reflectance.obj (.text)
                  00000c9c    000001e0     Clock.obj (.text)
                  00000e7c    00000114     Lab06_GPIOmain.obj (.text)
                  00000f90    0000009c     rtsv7M4_T_le_v4SPD16_eabi.lib : memcpy_t2.asm.obj (.text)
                  0000102c    00000068                                   : copy_decompress_lzss.c.obj (.text:decompress:lzss:__TI_decompress_lzss)
                  00001094    00000044                                   : autoinit.c.obj (.text:__TI_auto_init_nobinit_nopinit:__TI_auto_init_nobinit_nopinit)
                  000010d8    00000038                                   : boot_cortex_m.c.obj (.text:_c_int00_noargs:_c_int00_noargs)
                  00001110    00000012                                   : copy_zero_init.c.obj (.text:decompress:ZI:__TI_zero_init_nomemset:__TI_zero_init_nomemset)
                  00001122    0000000e                                   : copy_decompress_none.c.obj (.text:decompress:none:__TI_decompress_none)
                  00001130    0000000e     startup_msp432p401r_ccs.obj (.text)
                  0000113e    00000004     rtsv7M4_T_le_v4SPD16_eabi.lib : pre_init.c.obj (.text:_system_pre_init)
                  00001142    00000004                                   : exit.c.obj (.text:abort:abort)

.const     0    00001148    00000180     
                  00001148    00000180     Lab06_GPIOmain.obj (.const:fsm)

.cinit     0    000012c8    00000058     
                  000012c8    0000002d     (.cinit..data.load) [load image, compression = lzss]
                  000012f5    00000003     --HOLE-- [fill = 0]
                  000012f8    0000000c     (__TI_handler_table)
                  00001304    00000004     --HOLE-- [fill = 0]
                  00001308    00000008     (.cinit..bss.load) [load image, compression = zero_init]
                  00001310    00000010     (__TI_cinit_table)

.init_array 
*          0    00000000    00000000     UNINITIALIZED

.binit     0    00000000    00000000     

.data      0    20000000    00000048     UNINITIALIZED
                  20000000    00000020     Reflectance.obj (.data:W)
                  20000020    00000018     Clock.obj (.data)
                  20000038    0000000c     TExaS.obj (.data)
                  20000044    00000004     system_msp432p401r.obj (.data)

.bss       0    20000048    00000006     UNINITIALIZED
                  20000048    00000004     (.common:PeriodicTask2)
                  2000004c    00000001     (.common:Data)
                  2000004d    00000001     (.common:LogicData)

.stack     0    2000fe00    00000200     UNINITIALIZED
                  2000fe00    00000004     rtsv7M4_T_le_v4SPD16_eabi.lib : boot_cortex_m.c.obj (.stack)
                  2000fe04    000001fc     --HOLE--

MODULE SUMMARY

       Module                        code   ro data   rw data
       ------                        ----   -------   -------
    ./
       TExaS.obj                     1584   0         34     
       system_msp432p401r.obj        812    0         8      
       Reflectance.obj               604    0         64     
       Lab06_GPIOmain.obj            276    384       2      
       Clock.obj                     480    0         48     
       startup_msp432p401r_ccs.obj   14     228       0      
    +--+-----------------------------+------+---------+---------+
       Total:                        3770   612       156    
                                                             
    /opt/ccstudio/ccsv8/tools/compiler/ti-cgt-arm_18.1.4.LTS/lib/rtsv7M4_T_le_v4SPD16_eabi.lib
       memcpy_t2.asm.obj             156    0         0      
       copy_decompress_lzss.c.obj    104    0         0      
       autoinit.c.obj                68     0         0      
       boot_cortex_m.c.obj           56     0         0      
       copy_zero_init.c.obj          18     0         0      
       copy_decompress_none.c.obj    14     0         0      
       exit.c.obj                    4      0         0      
       pre_init.c.obj                4      0         0      
    +--+-----------------------------+------+---------+---------+
       Total:                        424    0         0      
                                                             
       Stack:                        0      0         1024   
       Linker Generated:             0      81        0      
    +--+-----------------------------+------+---------+---------+
       Grand Total:                  4194   693       1180   


LINKER GENERATED COPY TABLES

__TI_cinit_table @ 00001310 records: 2, size/record: 8, table size: 16
	.data: load addr=000012c8, load size=0000002d bytes, run addr=20000000, run size=00000048 bytes, compression=lzss
	.bss: load addr=00001308, load size=00000008 bytes, run addr=20000048, run size=00000006 bytes, compression=zero_init


LINKER GENERATED HANDLER TABLE

__TI_handler_table @ 000012f8 records: 3, size/record: 4, table size: 12
	index: 0, handler: __TI_decompress_lzss
	index: 1, handler: __TI_decompress_none
	index: 2, handler: __TI_zero_init


GLOBAL SYMBOLS: SORTED ALPHABETICALLY BY Name 

address   name                          
-------   ----                          
0000113d  ADC14_IRQHandler              
00000475  ADC_Init                      
0000113d  AES256_IRQHandler             
0000113d  BusFault_Handler              
00001143  C$$EXIT                       
0000113d  COMP_E0_IRQHandler            
0000113d  COMP_E1_IRQHandler            
20000028  CPMwait                       
0000113d  CS_IRQHandler                 
20000020  ClockFrequency                
00000df1  Clock_Delay1ms                
00000dc7  Clock_Delay1us                
00000db3  Clock_GetFreq                 
00000c9d  Clock_Init48MHz               
20000034  Crystalstable                 
0000113d  DMA_ERR_IRQHandler            
0000113d  DMA_INT0_IRQHandler           
0000113d  DMA_INT1_IRQHandler           
0000113d  DMA_INT2_IRQHandler           
0000113d  DMA_INT3_IRQHandler           
2000004c  Data                          
0000113d  DebugMon_Handler              
0000113d  Default_Handler               
0000113d  EUSCIA0_IRQHandler            
0000113d  EUSCIA1_IRQHandler            
0000113d  EUSCIA2_IRQHandler            
0000113d  EUSCIA3_IRQHandler            
0000113d  EUSCIB0_IRQHandler            
0000113d  EUSCIB1_IRQHandler            
0000113d  EUSCIB2_IRQHandler            
0000113d  EUSCIB3_IRQHandler            
0000113d  FLCTL_IRQHandler              
0000113d  FPU_IRQHandler                
0000113d  HardFault_Handler             
20000030  IFlags                        
00000bd7  LineSensorTest                
00000a6d  LineSensorTest_Init           
000000e5  LogicAnalyzer                 
000000ef  LogicAnalyzer_P1              
000001c5  LogicAnalyzer_P10             
000000fd  LogicAnalyzer_P2              
0000010b  LogicAnalyzer_P2_7654         
0000011b  LogicAnalyzer_P3              
00000129  LogicAnalyzer_P4              
00000147  LogicAnalyzer_P4_765320       
00000137  LogicAnalyzer_P4_765432       
0000017f  LogicAnalyzer_P5              
0000018d  LogicAnalyzer_P6              
0000019b  LogicAnalyzer_P7              
000001a9  LogicAnalyzer_P8              
000001b7  LogicAnalyzer_P9              
2000004d  LogicData                     
0000113d  MemManage_Handler             
0000113d  NMI_Handler                   
0000113d  PCM_IRQHandler                
0000113d  PORT1_IRQHandler              
0000113d  PORT2_IRQHandler              
0000113d  PORT3_IRQHandler              
0000113d  PORT4_IRQHandler              
0000113d  PORT5_IRQHandler              
0000113d  PORT6_IRQHandler              
0000113d  PSS_IRQHandler                
0000113d  PendSV_Handler                
20000048  PeriodicTask2                 
00000257  PeriodicTask2_Init            
000002d1  PeriodicTask2_Stop            
2000002c  Postwait                      
20000024  Prewait                       
00000e7d  Program6_1                    
0000113d  RTC_C_IRQHandler              
00000bef  Reflectance_Center            
00000c5d  Reflectance_End               
00000a41  Reflectance_Init              
00000bfb  Reflectance_Position          
00000aa7  Reflectance_Read              
00000c5b  Reflectance_Start             
00001131  Reset_Handler                 
0000113d  SVC_Handler                   
000001d3  Scope                         
0000113d  SysTick_Handler               
20000044  SystemCoreClock               
00000715  SystemCoreClockUpdate         
00000989  SystemInit                    
000002c1  T32_INT1_IRQHandler           
000002c1  T32_INT1_IRQHandler           
0000113d  T32_INT2_IRQHandler           
0000113d  T32_INTC_IRQHandler           
0000113d  TA0_0_IRQHandler              
0000113d  TA0_N_IRQHandler              
0000113d  TA1_0_IRQHandler              
0000113d  TA1_N_IRQHandler              
0000113d  TA2_0_IRQHandler              
0000113d  TA2_N_IRQHandler              
0000113d  TA3_0_IRQHandler              
0000113d  TA3_N_IRQHandler              
00000413  TExaS_Clear0                  
0000041f  TExaS_Clear1                  
0000042b  TExaS_Clear2                  
00000437  TExaS_Clear3                  
00000443  TExaS_Clear4                  
00000445  TExaS_Clear5                  
00000451  TExaS_Clear6                  
00000551  TExaS_Init                    
2000003c  TExaS_ScopeErrConflict        
20000038  TExaS_ScopeErrLostData        
20000040  TExaS_ScopeWrnReconfig        
000003b1  TExaS_Set                     
000003c9  TExaS_Set0                    
000003d5  TExaS_Set1                    
000003e1  TExaS_Set2                    
000003ed  TExaS_Set3                    
000003f9  TExaS_Set4                    
000003fb  TExaS_Set5                    
00000407  TExaS_Set6                    
000006b1  TExaS_Stop                    
00000367  TExaS_Task0                   
00000373  TExaS_Task1                   
0000037f  TExaS_Task2                   
0000038b  TExaS_Task3                   
00000397  TExaS_Task4                   
00000399  TExaS_Task5                   
000003a5  TExaS_Task6                   
0000033b  UART_InChar                   
000002e1  UART_Init                     
0000034b  UART_OutChar                  
0000113d  UsageFault_Handler            
20000000  W                             
4000480c  WDTCTL_SYM                    
0000113d  WDT_A_IRQHandler              
20010000  __STACK_END                   
00000200  __STACK_SIZE                  
00001310  __TI_CINIT_Base               
00001320  __TI_CINIT_Limit              
000012f8  __TI_Handler_Table_Base       
00001304  __TI_Handler_Table_Limit      
00001095  __TI_auto_init_nobinit_nopinit
0000102d  __TI_decompress_lzss          
00001123  __TI_decompress_none          
ffffffff  __TI_pprof_out_hndl           
ffffffff  __TI_prof_data_size           
ffffffff  __TI_prof_data_start          
00000000  __TI_static_base__            
00001111  __TI_zero_init_nomemset       
00000f91  __aeabi_memcpy                
00000f91  __aeabi_memcpy4               
00000f91  __aeabi_memcpy8               
ffffffff  __binit__                     
ffffffff  __c_args__                    
UNDEFED   __mpu_init                    
2000fe00  __stack                       
000010d9  _c_int00_noargs               
UNDEFED   _system_post_cinit            
0000113f  _system_pre_init              
00001143  abort                         
ffffffff  binit                         
00000db9  delay                         
00000ea1  edge_encoder                  
00001148  fsm                           
00000000  interruptVectors              
00000f15  main                          
00000f91  memcpy                        
00000af1  set_color                     


GLOBAL SYMBOLS: SORTED BY Symbol Address 

address   name                          
-------   ----                          
00000000  __TI_static_base__            
00000000  interruptVectors              
000000e5  LogicAnalyzer                 
000000ef  LogicAnalyzer_P1              
000000fd  LogicAnalyzer_P2              
0000010b  LogicAnalyzer_P2_7654         
0000011b  LogicAnalyzer_P3              
00000129  LogicAnalyzer_P4              
00000137  LogicAnalyzer_P4_765432       
00000147  LogicAnalyzer_P4_765320       
0000017f  LogicAnalyzer_P5              
0000018d  LogicAnalyzer_P6              
0000019b  LogicAnalyzer_P7              
000001a9  LogicAnalyzer_P8              
000001b7  LogicAnalyzer_P9              
000001c5  LogicAnalyzer_P10             
000001d3  Scope                         
00000200  __STACK_SIZE                  
00000257  PeriodicTask2_Init            
000002c1  T32_INT1_IRQHandler           
000002c1  T32_INT1_IRQHandler           
000002d1  PeriodicTask2_Stop            
000002e1  UART_Init                     
0000033b  UART_InChar                   
0000034b  UART_OutChar                  
00000367  TExaS_Task0                   
00000373  TExaS_Task1                   
0000037f  TExaS_Task2                   
0000038b  TExaS_Task3                   
00000397  TExaS_Task4                   
00000399  TExaS_Task5                   
000003a5  TExaS_Task6                   
000003b1  TExaS_Set                     
000003c9  TExaS_Set0                    
000003d5  TExaS_Set1                    
000003e1  TExaS_Set2                    
000003ed  TExaS_Set3                    
000003f9  TExaS_Set4                    
000003fb  TExaS_Set5                    
00000407  TExaS_Set6                    
00000413  TExaS_Clear0                  
0000041f  TExaS_Clear1                  
0000042b  TExaS_Clear2                  
00000437  TExaS_Clear3                  
00000443  TExaS_Clear4                  
00000445  TExaS_Clear5                  
00000451  TExaS_Clear6                  
00000475  ADC_Init                      
00000551  TExaS_Init                    
000006b1  TExaS_Stop                    
00000715  SystemCoreClockUpdate         
00000989  SystemInit                    
00000a41  Reflectance_Init              
00000a6d  LineSensorTest_Init           
00000aa7  Reflectance_Read              
00000af1  set_color                     
00000bd7  LineSensorTest                
00000bef  Reflectance_Center            
00000bfb  Reflectance_Position          
00000c5b  Reflectance_Start             
00000c5d  Reflectance_End               
00000c9d  Clock_Init48MHz               
00000db3  Clock_GetFreq                 
00000db9  delay                         
00000dc7  Clock_Delay1us                
00000df1  Clock_Delay1ms                
00000e7d  Program6_1                    
00000ea1  edge_encoder                  
00000f15  main                          
00000f91  __aeabi_memcpy                
00000f91  __aeabi_memcpy4               
00000f91  __aeabi_memcpy8               
00000f91  memcpy                        
0000102d  __TI_decompress_lzss          
00001095  __TI_auto_init_nobinit_nopinit
000010d9  _c_int00_noargs               
00001111  __TI_zero_init_nomemset       
00001123  __TI_decompress_none          
00001131  Reset_Handler                 
0000113d  ADC14_IRQHandler              
0000113d  AES256_IRQHandler             
0000113d  BusFault_Handler              
0000113d  COMP_E0_IRQHandler            
0000113d  COMP_E1_IRQHandler            
0000113d  CS_IRQHandler                 
0000113d  DMA_ERR_IRQHandler            
0000113d  DMA_INT0_IRQHandler           
0000113d  DMA_INT1_IRQHandler           
0000113d  DMA_INT2_IRQHandler           
0000113d  DMA_INT3_IRQHandler           
0000113d  DebugMon_Handler              
0000113d  Default_Handler               
0000113d  EUSCIA0_IRQHandler            
0000113d  EUSCIA1_IRQHandler            
0000113d  EUSCIA2_IRQHandler            
0000113d  EUSCIA3_IRQHandler            
0000113d  EUSCIB0_IRQHandler            
0000113d  EUSCIB1_IRQHandler            
0000113d  EUSCIB2_IRQHandler            
0000113d  EUSCIB3_IRQHandler            
0000113d  FLCTL_IRQHandler              
0000113d  FPU_IRQHandler                
0000113d  HardFault_Handler             
0000113d  MemManage_Handler             
0000113d  NMI_Handler                   
0000113d  PCM_IRQHandler                
0000113d  PORT1_IRQHandler              
0000113d  PORT2_IRQHandler              
0000113d  PORT3_IRQHandler              
0000113d  PORT4_IRQHandler              
0000113d  PORT5_IRQHandler              
0000113d  PORT6_IRQHandler              
0000113d  PSS_IRQHandler                
0000113d  PendSV_Handler                
0000113d  RTC_C_IRQHandler              
0000113d  SVC_Handler                   
0000113d  SysTick_Handler               
0000113d  T32_INT2_IRQHandler           
0000113d  T32_INTC_IRQHandler           
0000113d  TA0_0_IRQHandler              
0000113d  TA0_N_IRQHandler              
0000113d  TA1_0_IRQHandler              
0000113d  TA1_N_IRQHandler              
0000113d  TA2_0_IRQHandler              
0000113d  TA2_N_IRQHandler              
0000113d  TA3_0_IRQHandler              
0000113d  TA3_N_IRQHandler              
0000113d  UsageFault_Handler            
0000113d  WDT_A_IRQHandler              
0000113f  _system_pre_init              
00001143  C$$EXIT                       
00001143  abort                         
00001148  fsm                           
000012f8  __TI_Handler_Table_Base       
00001304  __TI_Handler_Table_Limit      
00001310  __TI_CINIT_Base               
00001320  __TI_CINIT_Limit              
20000000  W                             
20000020  ClockFrequency                
20000024  Prewait                       
20000028  CPMwait                       
2000002c  Postwait                      
20000030  IFlags                        
20000034  Crystalstable                 
20000038  TExaS_ScopeErrLostData        
2000003c  TExaS_ScopeErrConflict        
20000040  TExaS_ScopeWrnReconfig        
20000044  SystemCoreClock               
20000048  PeriodicTask2                 
2000004c  Data                          
2000004d  LogicData                     
2000fe00  __stack                       
20010000  __STACK_END                   
4000480c  WDTCTL_SYM                    
ffffffff  __TI_pprof_out_hndl           
ffffffff  __TI_prof_data_size           
ffffffff  __TI_prof_data_start          
ffffffff  __binit__                     
ffffffff  __c_args__                    
ffffffff  binit                         
UNDEFED   __mpu_init                    
UNDEFED   _system_post_cinit            

[162 symbols]
