<?xml version="1.0" encoding="ISO-8859-1" ?>
<link_info>
   <banner>TI ARM Linker Unix v18.1.4.LTS</banner>
   <copyright>Copyright (c) 1996-2018 Texas Instruments Incorporated</copyright>
   <link_time>0x5c926ea7</link_time>
   <link_errors>0x0</link_errors>
   <output_file>Lab12_Motors.out</output_file>
   <entry_point>
      <name>_c_int00_noargs</name>
      <address>0xc19</address>
   </entry_point>
   <input_file_list>
      <input_file id="fl-1">
         <path>./</path>
         <kind>object</kind>
         <file>Bump.obj</file>
         <name>Bump.obj</name>
      </input_file>
      <input_file id="fl-2">
         <path>./</path>
         <kind>object</kind>
         <file>Clock.obj</file>
         <name>Clock.obj</name>
      </input_file>
      <input_file id="fl-3">
         <path>./</path>
         <kind>object</kind>
         <file>Lab12_Motorsmain.obj</file>
         <name>Lab12_Motorsmain.obj</name>
      </input_file>
      <input_file id="fl-4">
         <path>./</path>
         <kind>object</kind>
         <file>LaunchPad.obj</file>
         <name>LaunchPad.obj</name>
      </input_file>
      <input_file id="fl-5">
         <path>./</path>
         <kind>object</kind>
         <file>MotorSimple.obj</file>
         <name>MotorSimple.obj</name>
      </input_file>
      <input_file id="fl-6">
         <path>./</path>
         <kind>object</kind>
         <file>SysTick.obj</file>
         <name>SysTick.obj</name>
      </input_file>
      <input_file id="fl-7">
         <path>./</path>
         <kind>object</kind>
         <file>startup_msp432p401r_ccs.obj</file>
         <name>startup_msp432p401r_ccs.obj</name>
      </input_file>
      <input_file id="fl-8">
         <path>./</path>
         <kind>object</kind>
         <file>system_msp432p401r.obj</file>
         <name>system_msp432p401r.obj</name>
      </input_file>
      <input_file id="fl-c">
         <kind>object</kind>
         <file>&lt;internal&gt;</file>
         <name>&lt;internal&gt;</name>
      </input_file>
      <input_file id="fl-c2">
         <path>/opt/ccstudio/ccsv8/tools/compiler/ti-cgt-arm_18.1.4.LTS/lib/</path>
         <kind>archive</kind>
         <file>rtsv7M4_T_le_v4SPD16_eabi.lib</file>
         <name>copy_zero_init.c.obj</name>
      </input_file>
      <input_file id="fl-c3">
         <path>/opt/ccstudio/ccsv8/tools/compiler/ti-cgt-arm_18.1.4.LTS/lib/</path>
         <kind>archive</kind>
         <file>rtsv7M4_T_le_v4SPD16_eabi.lib</file>
         <name>copy_decompress_none.c.obj</name>
      </input_file>
      <input_file id="fl-c4">
         <path>/opt/ccstudio/ccsv8/tools/compiler/ti-cgt-arm_18.1.4.LTS/lib/</path>
         <kind>archive</kind>
         <file>rtsv7M4_T_le_v4SPD16_eabi.lib</file>
         <name>copy_decompress_lzss.c.obj</name>
      </input_file>
      <input_file id="fl-c5">
         <path>/opt/ccstudio/ccsv8/tools/compiler/ti-cgt-arm_18.1.4.LTS/lib/</path>
         <kind>archive</kind>
         <file>rtsv7M4_T_le_v4SPD16_eabi.lib</file>
         <name>boot_cortex_m.c.obj</name>
      </input_file>
      <input_file id="fl-c6">
         <path>/opt/ccstudio/ccsv8/tools/compiler/ti-cgt-arm_18.1.4.LTS/lib/</path>
         <kind>archive</kind>
         <file>rtsv7M4_T_le_v4SPD16_eabi.lib</file>
         <name>exit.c.obj</name>
      </input_file>
      <input_file id="fl-c7">
         <path>/opt/ccstudio/ccsv8/tools/compiler/ti-cgt-arm_18.1.4.LTS/lib/</path>
         <kind>archive</kind>
         <file>rtsv7M4_T_le_v4SPD16_eabi.lib</file>
         <name>_lock.c.obj</name>
      </input_file>
      <input_file id="fl-c8">
         <path>/opt/ccstudio/ccsv8/tools/compiler/ti-cgt-arm_18.1.4.LTS/lib/</path>
         <kind>archive</kind>
         <file>rtsv7M4_T_le_v4SPD16_eabi.lib</file>
         <name>args_main.c.obj</name>
      </input_file>
      <input_file id="fl-c9">
         <path>/opt/ccstudio/ccsv8/tools/compiler/ti-cgt-arm_18.1.4.LTS/lib/</path>
         <kind>archive</kind>
         <file>rtsv7M4_T_le_v4SPD16_eabi.lib</file>
         <name>memcpy_t2.asm.obj</name>
      </input_file>
      <input_file id="fl-ca">
         <path>/opt/ccstudio/ccsv8/tools/compiler/ti-cgt-arm_18.1.4.LTS/lib/</path>
         <kind>archive</kind>
         <file>rtsv7M4_T_le_v4SPD16_eabi.lib</file>
         <name>memset_t2.asm.obj</name>
      </input_file>
      <input_file id="fl-cb">
         <path>/opt/ccstudio/ccsv8/tools/compiler/ti-cgt-arm_18.1.4.LTS/lib/</path>
         <kind>archive</kind>
         <file>rtsv7M4_T_le_v4SPD16_eabi.lib</file>
         <name>autoinit.c.obj</name>
      </input_file>
      <input_file id="fl-cc">
         <path>/opt/ccstudio/ccsv8/tools/compiler/ti-cgt-arm_18.1.4.LTS/lib/</path>
         <kind>archive</kind>
         <file>rtsv7M4_T_le_v4SPD16_eabi.lib</file>
         <name>pre_init.c.obj</name>
      </input_file>
      <input_file id="fl-cd">
         <path>/opt/ccstudio/ccsv8/tools/compiler/ti-cgt-arm_18.1.4.LTS/lib/</path>
         <kind>archive</kind>
         <file>rtsv7M4_T_le_v4SPD16_eabi.lib</file>
         <name>cpy_tbl.c.obj</name>
      </input_file>
   </input_file_list>
   <object_component_list>
      <object_component id="oc-23">
         <name>.intvecs:retain</name>
         <load_address>0x0</load_address>
         <run_address>0x0</run_address>
         <size>0xe4</size>
         <input_file_ref idref="fl-7"/>
      </object_component>
      <object_component id="oc-a2">
         <name>.text</name>
         <load_address>0xe4</load_address>
         <run_address>0xe4</run_address>
         <size>0x32c</size>
         <input_file_ref idref="fl-8"/>
      </object_component>
      <object_component id="oc-d2">
         <name>.text</name>
         <load_address>0x410</load_address>
         <run_address>0x410</run_address>
         <size>0x1fc</size>
         <input_file_ref idref="fl-5"/>
      </object_component>
      <object_component id="oc-c6">
         <name>.text</name>
         <load_address>0x60c</load_address>
         <run_address>0x60c</run_address>
         <size>0x1e0</size>
         <input_file_ref idref="fl-2"/>
      </object_component>
      <object_component id="oc-90">
         <name>.text</name>
         <load_address>0x7ec</load_address>
         <run_address>0x7ec</run_address>
         <size>0x15c</size>
         <input_file_ref idref="fl-3"/>
      </object_component>
      <object_component id="oc-c0">
         <name>.text</name>
         <load_address>0x948</load_address>
         <run_address>0x948</run_address>
         <size>0xf4</size>
         <input_file_ref idref="fl-4"/>
      </object_component>
      <object_component id="oc-34">
         <name>.text</name>
         <load_address>0xa3c</load_address>
         <run_address>0xa3c</run_address>
         <size>0x9c</size>
         <input_file_ref idref="fl-c9"/>
      </object_component>
      <object_component id="oc-12c">
         <name>.text</name>
         <load_address>0xad8</load_address>
         <run_address>0xad8</run_address>
         <size>0x94</size>
         <input_file_ref idref="fl-6"/>
      </object_component>
      <object_component id="oc-14">
         <name>.text:decompress:lzss:__TI_decompress_lzss</name>
         <load_address>0xb6c</load_address>
         <run_address>0xb6c</run_address>
         <size>0x68</size>
         <input_file_ref idref="fl-c4"/>
      </object_component>
      <object_component id="oc-ea">
         <name>.text:__TI_auto_init_nobinit_nopinit:__TI_auto_init_nobinit_nopinit</name>
         <load_address>0xbd4</load_address>
         <run_address>0xbd4</run_address>
         <size>0x44</size>
         <input_file_ref idref="fl-cb"/>
      </object_component>
      <object_component id="oc-52">
         <name>.text:_c_int00_noargs:_c_int00_noargs</name>
         <load_address>0xc18</load_address>
         <run_address>0xc18</run_address>
         <size>0x38</size>
         <input_file_ref idref="fl-c5"/>
      </object_component>
      <object_component id="oc-1a">
         <name>.text:decompress:none:__TI_decompress_none</name>
         <load_address>0xc50</load_address>
         <run_address>0xc50</run_address>
         <size>0xe</size>
         <input_file_ref idref="fl-c3"/>
      </object_component>
      <object_component id="oc-64">
         <name>.text</name>
         <load_address>0xc5e</load_address>
         <run_address>0xc5e</run_address>
         <size>0xe</size>
         <input_file_ref idref="fl-7"/>
      </object_component>
      <object_component id="oc-cc">
         <name>.text</name>
         <load_address>0xc6c</load_address>
         <run_address>0xc6c</run_address>
         <size>0x6</size>
         <input_file_ref idref="fl-1"/>
      </object_component>
      <object_component id="oc-8a">
         <name>.text:_system_pre_init</name>
         <load_address>0xc72</load_address>
         <run_address>0xc72</run_address>
         <size>0x4</size>
         <input_file_ref idref="fl-cc"/>
      </object_component>
      <object_component id="oc-de">
         <name>.text:abort:abort</name>
         <load_address>0xc76</load_address>
         <run_address>0xc76</run_address>
         <size>0x4</size>
         <input_file_ref idref="fl-c6"/>
      </object_component>
      <object_component id="oc-132">
         <name>.const:.string:$P$T0$1</name>
         <load_address>0xc7a</load_address>
         <run_address>0xc7a</run_address>
         <size>0x2</size>
         <input_file_ref idref="fl-5"/>
      </object_component>
      <object_component id="oc-1d0">
         <name>.cinit..data.load</name>
         <load_address>0xc80</load_address>
         <run_address>0xc80</run_address>
         <size>0xd</size>
      </object_component>
      <object_component id="oc-1ce">
         <name>__TI_handler_table</name>
         <load_address>0xc90</load_address>
         <run_address>0xc90</run_address>
         <size>0x8</size>
      </object_component>
      <object_component id="oc-1cf">
         <name>__TI_cinit_table</name>
         <load_address>0xc98</load_address>
         <run_address>0xc98</run_address>
         <size>0x8</size>
      </object_component>
      <object_component id="oc-1a3">
         <name>.binit</name>
         <load_address>0x0</load_address>
         <run_address>0x0</run_address>
         <size>0x0</size>
      </object_component>
      <object_component id="oc-127">
         <name>.data</name>
         <load_address>0x20000000</load_address>
         <run_address>0x20000000</run_address>
         <size>0x18</size>
         <input_file_ref idref="fl-2"/>
      </object_component>
      <object_component id="oc-11c">
         <name>.data</name>
         <load_address>0x20000018</load_address>
         <run_address>0x20000018</run_address>
         <size>0x4</size>
         <input_file_ref idref="fl-8"/>
      </object_component>
      <object_component id="oc-26">
         <name>.stack</name>
         <uninitialized>true</uninitialized>
         <run_address>0x2000fe00</run_address>
         <size>0x4</size>
         <input_file_ref idref="fl-c5"/>
      </object_component>
      <object_component id="oc-1d1">
         <name>.stack</name>
         <uninitialized>true</uninitialized>
         <run_address>0x2000fe00</run_address>
         <size>0x0</size>
      </object_component>
      <object_component id="oc-125">
         <name>.debug_info</name>
         <load_address>0x0</load_address>
         <run_address>0x0</run_address>
         <size>0x54a</size>
         <input_file_ref idref="fl-1"/>
      </object_component>
      <object_component id="oc-cd">
         <name>.debug_info</name>
         <load_address>0x54a</load_address>
         <run_address>0x54a</run_address>
         <size>0x184</size>
         <input_file_ref idref="fl-1"/>
      </object_component>
      <object_component id="oc-ab">
         <name>.debug_info</name>
         <load_address>0x6ce</load_address>
         <run_address>0x6ce</run_address>
         <size>0x26b</size>
         <input_file_ref idref="fl-1"/>
      </object_component>
      <object_component id="oc-160">
         <name>.debug_info</name>
         <load_address>0x939</load_address>
         <run_address>0x939</run_address>
         <size>0x1055</size>
         <input_file_ref idref="fl-1"/>
      </object_component>
      <object_component id="oc-15b">
         <name>.debug_info</name>
         <load_address>0x198e</load_address>
         <run_address>0x198e</run_address>
         <size>0x37e2</size>
         <input_file_ref idref="fl-1"/>
      </object_component>
      <object_component id="oc-2f">
         <name>.debug_info</name>
         <load_address>0x5170</load_address>
         <run_address>0x5170</run_address>
         <size>0x84</size>
         <input_file_ref idref="fl-1"/>
      </object_component>
      <object_component id="oc-120">
         <name>.debug_info</name>
         <load_address>0x51f4</load_address>
         <run_address>0x51f4</run_address>
         <size>0x297</size>
         <input_file_ref idref="fl-1"/>
      </object_component>
      <object_component id="oc-d9">
         <name>.debug_info</name>
         <load_address>0x548b</load_address>
         <run_address>0x548b</run_address>
         <size>0xbb</size>
         <input_file_ref idref="fl-1"/>
      </object_component>
      <object_component id="oc-128">
         <name>.debug_info</name>
         <load_address>0x5546</load_address>
         <run_address>0x5546</run_address>
         <size>0x1a7</size>
         <input_file_ref idref="fl-2"/>
      </object_component>
      <object_component id="oc-c7">
         <name>.debug_info</name>
         <load_address>0x56ed</load_address>
         <run_address>0x56ed</run_address>
         <size>0x311</size>
         <input_file_ref idref="fl-2"/>
      </object_component>
      <object_component id="oc-91">
         <name>.debug_info</name>
         <load_address>0x59fe</load_address>
         <run_address>0x59fe</run_address>
         <size>0x660</size>
         <input_file_ref idref="fl-3"/>
      </object_component>
      <object_component id="oc-c1">
         <name>.debug_info</name>
         <load_address>0x605e</load_address>
         <run_address>0x605e</run_address>
         <size>0x2c9</size>
         <input_file_ref idref="fl-4"/>
      </object_component>
      <object_component id="oc-136">
         <name>.debug_info</name>
         <load_address>0x6327</load_address>
         <run_address>0x6327</run_address>
         <size>0x5a2</size>
         <input_file_ref idref="fl-5"/>
      </object_component>
      <object_component id="oc-133">
         <name>.debug_info</name>
         <load_address>0x68c9</load_address>
         <run_address>0x68c9</run_address>
         <size>0xf7</size>
         <input_file_ref idref="fl-5"/>
      </object_component>
      <object_component id="oc-d3">
         <name>.debug_info</name>
         <load_address>0x69c0</load_address>
         <run_address>0x69c0</run_address>
         <size>0x5f4</size>
         <input_file_ref idref="fl-5"/>
      </object_component>
      <object_component id="oc-16c">
         <name>.debug_info</name>
         <load_address>0x6fb4</load_address>
         <run_address>0x6fb4</run_address>
         <size>0x37e2</size>
         <input_file_ref idref="fl-5"/>
      </object_component>
      <object_component id="oc-12d">
         <name>.debug_info</name>
         <load_address>0xa796</load_address>
         <run_address>0xa796</run_address>
         <size>0x31c</size>
         <input_file_ref idref="fl-6"/>
      </object_component>
      <object_component id="oc-6c">
         <name>.debug_info</name>
         <load_address>0xaab2</load_address>
         <run_address>0xaab2</run_address>
         <size>0x2e3</size>
         <input_file_ref idref="fl-7"/>
      </object_component>
      <object_component id="oc-24">
         <name>.debug_info</name>
         <load_address>0xad95</load_address>
         <run_address>0xad95</run_address>
         <size>0x10f</size>
         <input_file_ref idref="fl-7"/>
      </object_component>
      <object_component id="oc-65">
         <name>.debug_info</name>
         <load_address>0xaea4</load_address>
         <run_address>0xaea4</run_address>
         <size>0x1d6</size>
         <input_file_ref idref="fl-7"/>
      </object_component>
      <object_component id="oc-11d">
         <name>.debug_info</name>
         <load_address>0xb07a</load_address>
         <run_address>0xb07a</run_address>
         <size>0x108</size>
         <input_file_ref idref="fl-8"/>
      </object_component>
      <object_component id="oc-a3">
         <name>.debug_info</name>
         <load_address>0xb182</load_address>
         <run_address>0xb182</run_address>
         <size>0x27a</size>
         <input_file_ref idref="fl-8"/>
      </object_component>
      <object_component id="oc-3f">
         <name>.debug_info</name>
         <load_address>0xb3fc</load_address>
         <run_address>0xb3fc</run_address>
         <size>0x2a8</size>
         <input_file_ref idref="fl-c3"/>
      </object_component>
      <object_component id="oc-1b">
         <name>.debug_info</name>
         <load_address>0xb6a4</load_address>
         <run_address>0xb6a4</run_address>
         <size>0x1ea</size>
         <input_file_ref idref="fl-c3"/>
      </object_component>
      <object_component id="oc-3a">
         <name>.debug_info</name>
         <load_address>0xb88e</load_address>
         <run_address>0xb88e</run_address>
         <size>0x46</size>
         <input_file_ref idref="fl-c3"/>
      </object_component>
      <object_component id="oc-76">
         <name>.debug_info</name>
         <load_address>0xb8d4</load_address>
         <run_address>0xb8d4</run_address>
         <size>0x2c</size>
         <input_file_ref idref="fl-c3"/>
      </object_component>
      <object_component id="oc-74">
         <name>.debug_info</name>
         <load_address>0xb900</load_address>
         <run_address>0xb900</run_address>
         <size>0x29e</size>
         <input_file_ref idref="fl-c4"/>
      </object_component>
      <object_component id="oc-15">
         <name>.debug_info</name>
         <load_address>0xbb9e</load_address>
         <run_address>0xbb9e</run_address>
         <size>0x250</size>
         <input_file_ref idref="fl-c4"/>
      </object_component>
      <object_component id="oc-2a">
         <name>.debug_info</name>
         <load_address>0xbdee</load_address>
         <run_address>0xbdee</run_address>
         <size>0x60</size>
         <input_file_ref idref="fl-c4"/>
      </object_component>
      <object_component id="oc-b0">
         <name>.debug_info</name>
         <load_address>0xbe4e</load_address>
         <run_address>0xbe4e</run_address>
         <size>0x46</size>
         <input_file_ref idref="fl-c4"/>
      </object_component>
      <object_component id="oc-6f">
         <name>.debug_info</name>
         <load_address>0xbe94</load_address>
         <run_address>0xbe94</run_address>
         <size>0x39</size>
         <input_file_ref idref="fl-c4"/>
      </object_component>
      <object_component id="oc-27">
         <name>.debug_info</name>
         <load_address>0xbecd</load_address>
         <run_address>0xbecd</run_address>
         <size>0x10b</size>
         <input_file_ref idref="fl-c5"/>
      </object_component>
      <object_component id="oc-53">
         <name>.debug_info</name>
         <load_address>0xbfd8</load_address>
         <run_address>0xbfd8</run_address>
         <size>0x1af</size>
         <input_file_ref idref="fl-c5"/>
      </object_component>
      <object_component id="oc-df">
         <name>.debug_info</name>
         <load_address>0xc187</load_address>
         <run_address>0xc187</run_address>
         <size>0x122</size>
         <input_file_ref idref="fl-c6"/>
      </object_component>
      <object_component id="oc-35">
         <name>.debug_info</name>
         <load_address>0xc2a9</load_address>
         <run_address>0xc2a9</run_address>
         <size>0x11c</size>
         <input_file_ref idref="fl-c9"/>
      </object_component>
      <object_component id="oc-142">
         <name>.debug_info</name>
         <load_address>0xc3c5</load_address>
         <run_address>0xc3c5</run_address>
         <size>0x552</size>
         <input_file_ref idref="fl-cb"/>
      </object_component>
      <object_component id="oc-eb">
         <name>.debug_info</name>
         <load_address>0xc917</load_address>
         <run_address>0xc917</run_address>
         <size>0x1a6</size>
         <input_file_ref idref="fl-cb"/>
      </object_component>
      <object_component id="oc-181">
         <name>.debug_info</name>
         <load_address>0xcabd</load_address>
         <run_address>0xcabd</run_address>
         <size>0x39</size>
         <input_file_ref idref="fl-cb"/>
      </object_component>
      <object_component id="oc-195">
         <name>.debug_info</name>
         <load_address>0xcaf6</load_address>
         <run_address>0xcaf6</run_address>
         <size>0x39</size>
         <input_file_ref idref="fl-cb"/>
      </object_component>
      <object_component id="oc-186">
         <name>.debug_info</name>
         <load_address>0xcb2f</load_address>
         <run_address>0xcb2f</run_address>
         <size>0x39</size>
         <input_file_ref idref="fl-cb"/>
      </object_component>
      <object_component id="oc-18b">
         <name>.debug_info</name>
         <load_address>0xcb68</load_address>
         <run_address>0xcb68</run_address>
         <size>0xcd</size>
         <input_file_ref idref="fl-cb"/>
      </object_component>
      <object_component id="oc-8b">
         <name>.debug_info</name>
         <load_address>0xcc35</load_address>
         <run_address>0xcc35</run_address>
         <size>0x153</size>
         <input_file_ref idref="fl-cc"/>
      </object_component>
      <object_component id="oc-1d2">
         <name>.debug_info</name>
         <load_address>0xcd88</load_address>
         <run_address>0xcd88</run_address>
         <size>0xbe</size>
      </object_component>
      <object_component id="oc-15a">
         <name>.debug_line</name>
         <load_address>0x0</load_address>
         <run_address>0x0</run_address>
         <size>0x20</size>
         <input_file_ref idref="fl-1"/>
      </object_component>
      <object_component id="oc-d0">
         <name>.debug_line</name>
         <load_address>0x20</load_address>
         <run_address>0x20</run_address>
         <size>0x5e</size>
         <input_file_ref idref="fl-1"/>
      </object_component>
      <object_component id="oc-ae">
         <name>.debug_line</name>
         <load_address>0x7e</load_address>
         <run_address>0x7e</run_address>
         <size>0x71</size>
         <input_file_ref idref="fl-1"/>
      </object_component>
      <object_component id="oc-163">
         <name>.debug_line</name>
         <load_address>0xef</load_address>
         <run_address>0xef</run_address>
         <size>0x5d</size>
         <input_file_ref idref="fl-1"/>
      </object_component>
      <object_component id="oc-15e">
         <name>.debug_line</name>
         <load_address>0x14c</load_address>
         <run_address>0x14c</run_address>
         <size>0x5a</size>
         <input_file_ref idref="fl-1"/>
      </object_component>
      <object_component id="oc-32">
         <name>.debug_line</name>
         <load_address>0x1a6</load_address>
         <run_address>0x1a6</run_address>
         <size>0x20</size>
         <input_file_ref idref="fl-1"/>
      </object_component>
      <object_component id="oc-123">
         <name>.debug_line</name>
         <load_address>0x1c6</load_address>
         <run_address>0x1c6</run_address>
         <size>0x75</size>
         <input_file_ref idref="fl-1"/>
      </object_component>
      <object_component id="oc-dc">
         <name>.debug_line</name>
         <load_address>0x23b</load_address>
         <run_address>0x23b</run_address>
         <size>0x72</size>
         <input_file_ref idref="fl-1"/>
      </object_component>
      <object_component id="oc-166">
         <name>.debug_line</name>
         <load_address>0x2ad</load_address>
         <run_address>0x2ad</run_address>
         <size>0x35</size>
         <input_file_ref idref="fl-2"/>
      </object_component>
      <object_component id="oc-ca">
         <name>.debug_line</name>
         <load_address>0x2e2</load_address>
         <run_address>0x2e2</run_address>
         <size>0x102</size>
         <input_file_ref idref="fl-2"/>
      </object_component>
      <object_component id="oc-94">
         <name>.debug_line</name>
         <load_address>0x3e4</load_address>
         <run_address>0x3e4</run_address>
         <size>0x10e</size>
         <input_file_ref idref="fl-3"/>
      </object_component>
      <object_component id="oc-c4">
         <name>.debug_line</name>
         <load_address>0x4f2</load_address>
         <run_address>0x4f2</run_address>
         <size>0xab</size>
         <input_file_ref idref="fl-4"/>
      </object_component>
      <object_component id="oc-16b">
         <name>.debug_line</name>
         <load_address>0x59d</load_address>
         <run_address>0x59d</run_address>
         <size>0x3e</size>
         <input_file_ref idref="fl-5"/>
      </object_component>
      <object_component id="oc-169">
         <name>.debug_line</name>
         <load_address>0x5db</load_address>
         <run_address>0x5db</run_address>
         <size>0x3b</size>
         <input_file_ref idref="fl-5"/>
      </object_component>
      <object_component id="oc-d6">
         <name>.debug_line</name>
         <load_address>0x616</load_address>
         <run_address>0x616</run_address>
         <size>0x125</size>
         <input_file_ref idref="fl-5"/>
      </object_component>
      <object_component id="oc-16f">
         <name>.debug_line</name>
         <load_address>0x73b</load_address>
         <run_address>0x73b</run_address>
         <size>0x5a</size>
         <input_file_ref idref="fl-5"/>
      </object_component>
      <object_component id="oc-130">
         <name>.debug_line</name>
         <load_address>0x795</load_address>
         <run_address>0x795</run_address>
         <size>0xc3</size>
         <input_file_ref idref="fl-6"/>
      </object_component>
      <object_component id="oc-aa">
         <name>.debug_line</name>
         <load_address>0x858</load_address>
         <run_address>0x858</run_address>
         <size>0x40</size>
         <input_file_ref idref="fl-7"/>
      </object_component>
      <object_component id="oc-6b">
         <name>.debug_line</name>
         <load_address>0x898</load_address>
         <run_address>0x898</run_address>
         <size>0x40</size>
         <input_file_ref idref="fl-7"/>
      </object_component>
      <object_component id="oc-68">
         <name>.debug_line</name>
         <load_address>0x8d8</load_address>
         <run_address>0x8d8</run_address>
         <size>0x71</size>
         <input_file_ref idref="fl-7"/>
      </object_component>
      <object_component id="oc-158">
         <name>.debug_line</name>
         <load_address>0x949</load_address>
         <run_address>0x949</run_address>
         <size>0x3b</size>
         <input_file_ref idref="fl-8"/>
      </object_component>
      <object_component id="oc-a6">
         <name>.debug_line</name>
         <load_address>0x984</load_address>
         <run_address>0x984</run_address>
         <size>0x146</size>
         <input_file_ref idref="fl-8"/>
      </object_component>
      <object_component id="oc-7c">
         <name>.debug_line</name>
         <load_address>0xaca</load_address>
         <run_address>0xaca</run_address>
         <size>0x20</size>
         <input_file_ref idref="fl-c3"/>
      </object_component>
      <object_component id="oc-1e">
         <name>.debug_line</name>
         <load_address>0xaea</load_address>
         <run_address>0xaea</run_address>
         <size>0x55</size>
         <input_file_ref idref="fl-c3"/>
      </object_component>
      <object_component id="oc-3d">
         <name>.debug_line</name>
         <load_address>0xb3f</load_address>
         <run_address>0xb3f</run_address>
         <size>0x3a</size>
         <input_file_ref idref="fl-c3"/>
      </object_component>
      <object_component id="oc-79">
         <name>.debug_line</name>
         <load_address>0xb79</load_address>
         <run_address>0xb79</run_address>
         <size>0x95</size>
         <input_file_ref idref="fl-c3"/>
      </object_component>
      <object_component id="oc-b6">
         <name>.debug_line</name>
         <load_address>0xc0e</load_address>
         <run_address>0xc0e</run_address>
         <size>0x20</size>
         <input_file_ref idref="fl-c4"/>
      </object_component>
      <object_component id="oc-18">
         <name>.debug_line</name>
         <load_address>0xc2e</load_address>
         <run_address>0xc2e</run_address>
         <size>0xa9</size>
         <input_file_ref idref="fl-c4"/>
      </object_component>
      <object_component id="oc-2d">
         <name>.debug_line</name>
         <load_address>0xcd7</load_address>
         <run_address>0xcd7</run_address>
         <size>0x3a</size>
         <input_file_ref idref="fl-c4"/>
      </object_component>
      <object_component id="oc-b3">
         <name>.debug_line</name>
         <load_address>0xd11</load_address>
         <run_address>0xd11</run_address>
         <size>0x9d</size>
         <input_file_ref idref="fl-c4"/>
      </object_component>
      <object_component id="oc-72">
         <name>.debug_line</name>
         <load_address>0xdae</load_address>
         <run_address>0xdae</run_address>
         <size>0x99</size>
         <input_file_ref idref="fl-c4"/>
      </object_component>
      <object_component id="oc-6e">
         <name>.debug_line</name>
         <load_address>0xe47</load_address>
         <run_address>0xe47</run_address>
         <size>0x33</size>
         <input_file_ref idref="fl-c5"/>
      </object_component>
      <object_component id="oc-56">
         <name>.debug_line</name>
         <load_address>0xe7a</load_address>
         <run_address>0xe7a</run_address>
         <size>0x56</size>
         <input_file_ref idref="fl-c5"/>
      </object_component>
      <object_component id="oc-e2">
         <name>.debug_line</name>
         <load_address>0xed0</load_address>
         <run_address>0xed0</run_address>
         <size>0x3c</size>
         <input_file_ref idref="fl-c6"/>
      </object_component>
      <object_component id="oc-38">
         <name>.debug_line</name>
         <load_address>0xf0c</load_address>
         <run_address>0xf0c</run_address>
         <size>0x88</size>
         <input_file_ref idref="fl-c9"/>
      </object_component>
      <object_component id="oc-180">
         <name>.debug_line</name>
         <load_address>0xf94</load_address>
         <run_address>0xf94</run_address>
         <size>0xc2</size>
         <input_file_ref idref="fl-cb"/>
      </object_component>
      <object_component id="oc-ee">
         <name>.debug_line</name>
         <load_address>0x1056</load_address>
         <run_address>0x1056</run_address>
         <size>0x6c</size>
         <input_file_ref idref="fl-cb"/>
      </object_component>
      <object_component id="oc-184">
         <name>.debug_line</name>
         <load_address>0x10c2</load_address>
         <run_address>0x10c2</run_address>
         <size>0x2e</size>
         <input_file_ref idref="fl-cb"/>
      </object_component>
      <object_component id="oc-198">
         <name>.debug_line</name>
         <load_address>0x10f0</load_address>
         <run_address>0x10f0</run_address>
         <size>0x9d</size>
         <input_file_ref idref="fl-cb"/>
      </object_component>
      <object_component id="oc-189">
         <name>.debug_line</name>
         <load_address>0x118d</load_address>
         <run_address>0x118d</run_address>
         <size>0x9a</size>
         <input_file_ref idref="fl-cb"/>
      </object_component>
      <object_component id="oc-18e">
         <name>.debug_line</name>
         <load_address>0x1227</load_address>
         <run_address>0x1227</run_address>
         <size>0x96</size>
         <input_file_ref idref="fl-cb"/>
      </object_component>
      <object_component id="oc-8e">
         <name>.debug_line</name>
         <load_address>0x12bd</load_address>
         <run_address>0x12bd</run_address>
         <size>0x40</size>
         <input_file_ref idref="fl-cc"/>
      </object_component>
      <object_component id="oc-d1">
         <name>.debug_frame</name>
         <load_address>0x0</load_address>
         <run_address>0x0</run_address>
         <size>0x68</size>
         <input_file_ref idref="fl-1"/>
      </object_component>
      <object_component id="oc-cb">
         <name>.debug_frame</name>
         <load_address>0x68</load_address>
         <run_address>0x68</run_address>
         <size>0xb0</size>
         <input_file_ref idref="fl-2"/>
      </object_component>
      <object_component id="oc-95">
         <name>.debug_frame</name>
         <load_address>0x118</load_address>
         <run_address>0x118</run_address>
         <size>0xb8</size>
         <input_file_ref idref="fl-3"/>
      </object_component>
      <object_component id="oc-c5">
         <name>.debug_frame</name>
         <load_address>0x1d0</load_address>
         <run_address>0x1d0</run_address>
         <size>0x98</size>
         <input_file_ref idref="fl-4"/>
      </object_component>
      <object_component id="oc-d7">
         <name>.debug_frame</name>
         <load_address>0x268</load_address>
         <run_address>0x268</run_address>
         <size>0xec</size>
         <input_file_ref idref="fl-5"/>
      </object_component>
      <object_component id="oc-131">
         <name>.debug_frame</name>
         <load_address>0x354</load_address>
         <run_address>0x354</run_address>
         <size>0xa4</size>
         <input_file_ref idref="fl-6"/>
      </object_component>
      <object_component id="oc-69">
         <name>.debug_frame</name>
         <load_address>0x3f8</load_address>
         <run_address>0x3f8</run_address>
         <size>0x6c</size>
         <input_file_ref idref="fl-7"/>
      </object_component>
      <object_component id="oc-a7">
         <name>.debug_frame</name>
         <load_address>0x464</load_address>
         <run_address>0x464</run_address>
         <size>0x70</size>
         <input_file_ref idref="fl-8"/>
      </object_component>
      <object_component id="oc-1f">
         <name>.debug_frame</name>
         <load_address>0x4d4</load_address>
         <run_address>0x4d4</run_address>
         <size>0x54</size>
         <input_file_ref idref="fl-c3"/>
      </object_component>
      <object_component id="oc-19">
         <name>.debug_frame</name>
         <load_address>0x528</load_address>
         <run_address>0x528</run_address>
         <size>0x60</size>
         <input_file_ref idref="fl-c4"/>
      </object_component>
      <object_component id="oc-57">
         <name>.debug_frame</name>
         <load_address>0x588</load_address>
         <run_address>0x588</run_address>
         <size>0x58</size>
         <input_file_ref idref="fl-c5"/>
      </object_component>
      <object_component id="oc-e3">
         <name>.debug_frame</name>
         <load_address>0x5e0</load_address>
         <run_address>0x5e0</run_address>
         <size>0x54</size>
         <input_file_ref idref="fl-c6"/>
      </object_component>
      <object_component id="oc-ef">
         <name>.debug_frame</name>
         <load_address>0x634</load_address>
         <run_address>0x634</run_address>
         <size>0x5c</size>
         <input_file_ref idref="fl-cb"/>
      </object_component>
      <object_component id="oc-8f">
         <name>.debug_frame</name>
         <load_address>0x690</load_address>
         <run_address>0x690</run_address>
         <size>0x54</size>
         <input_file_ref idref="fl-cc"/>
      </object_component>
      <object_component id="oc-159">
         <name>.debug_abbrev</name>
         <load_address>0x0</load_address>
         <run_address>0x0</run_address>
         <size>0x71</size>
         <input_file_ref idref="fl-1"/>
      </object_component>
      <object_component id="oc-12b">
         <name>.debug_abbrev</name>
         <load_address>0x71</load_address>
         <run_address>0x71</run_address>
         <size>0x7f</size>
         <input_file_ref idref="fl-1"/>
      </object_component>
      <object_component id="oc-ad">
         <name>.debug_abbrev</name>
         <load_address>0xf0</load_address>
         <run_address>0xf0</run_address>
         <size>0x69</size>
         <input_file_ref idref="fl-1"/>
      </object_component>
      <object_component id="oc-162">
         <name>.debug_abbrev</name>
         <load_address>0x159</load_address>
         <run_address>0x159</run_address>
         <size>0x97</size>
         <input_file_ref idref="fl-1"/>
      </object_component>
      <object_component id="oc-15d">
         <name>.debug_abbrev</name>
         <load_address>0x1f0</load_address>
         <run_address>0x1f0</run_address>
         <size>0xbd</size>
         <input_file_ref idref="fl-1"/>
      </object_component>
      <object_component id="oc-31">
         <name>.debug_abbrev</name>
         <load_address>0x2ad</load_address>
         <run_address>0x2ad</run_address>
         <size>0x1f</size>
         <input_file_ref idref="fl-1"/>
      </object_component>
      <object_component id="oc-122">
         <name>.debug_abbrev</name>
         <load_address>0x2cc</load_address>
         <run_address>0x2cc</run_address>
         <size>0x5c</size>
         <input_file_ref idref="fl-1"/>
      </object_component>
      <object_component id="oc-db">
         <name>.debug_abbrev</name>
         <load_address>0x328</load_address>
         <run_address>0x328</run_address>
         <size>0x24</size>
         <input_file_ref idref="fl-1"/>
      </object_component>
      <object_component id="oc-165">
         <name>.debug_abbrev</name>
         <load_address>0x34c</load_address>
         <run_address>0x34c</run_address>
         <size>0x29</size>
         <input_file_ref idref="fl-2"/>
      </object_component>
      <object_component id="oc-12a">
         <name>.debug_abbrev</name>
         <load_address>0x375</load_address>
         <run_address>0x375</run_address>
         <size>0xa9</size>
         <input_file_ref idref="fl-2"/>
      </object_component>
      <object_component id="oc-d8">
         <name>.debug_abbrev</name>
         <load_address>0x41e</load_address>
         <run_address>0x41e</run_address>
         <size>0x9b</size>
         <input_file_ref idref="fl-3"/>
      </object_component>
      <object_component id="oc-126">
         <name>.debug_abbrev</name>
         <load_address>0x4b9</load_address>
         <run_address>0x4b9</run_address>
         <size>0x9b</size>
         <input_file_ref idref="fl-4"/>
      </object_component>
      <object_component id="oc-16a">
         <name>.debug_abbrev</name>
         <load_address>0x554</load_address>
         <run_address>0x554</run_address>
         <size>0x8e</size>
         <input_file_ref idref="fl-5"/>
      </object_component>
      <object_component id="oc-168">
         <name>.debug_abbrev</name>
         <load_address>0x5e2</load_address>
         <run_address>0x5e2</run_address>
         <size>0x27</size>
         <input_file_ref idref="fl-5"/>
      </object_component>
      <object_component id="oc-135">
         <name>.debug_abbrev</name>
         <load_address>0x609</load_address>
         <run_address>0x609</run_address>
         <size>0x7a</size>
         <input_file_ref idref="fl-5"/>
      </object_component>
      <object_component id="oc-16e">
         <name>.debug_abbrev</name>
         <load_address>0x683</load_address>
         <run_address>0x683</run_address>
         <size>0xbd</size>
         <input_file_ref idref="fl-5"/>
      </object_component>
      <object_component id="oc-167">
         <name>.debug_abbrev</name>
         <load_address>0x740</load_address>
         <run_address>0x740</run_address>
         <size>0x7a</size>
         <input_file_ref idref="fl-6"/>
      </object_component>
      <object_component id="oc-a9">
         <name>.debug_abbrev</name>
         <load_address>0x7ba</load_address>
         <run_address>0x7ba</run_address>
         <size>0x7c</size>
         <input_file_ref idref="fl-7"/>
      </object_component>
      <object_component id="oc-6a">
         <name>.debug_abbrev</name>
         <load_address>0x836</load_address>
         <run_address>0x836</run_address>
         <size>0x29</size>
         <input_file_ref idref="fl-7"/>
      </object_component>
      <object_component id="oc-a8">
         <name>.debug_abbrev</name>
         <load_address>0x85f</load_address>
         <run_address>0x85f</run_address>
         <size>0x89</size>
         <input_file_ref idref="fl-7"/>
      </object_component>
      <object_component id="oc-157">
         <name>.debug_abbrev</name>
         <load_address>0x8e8</load_address>
         <run_address>0x8e8</run_address>
         <size>0x29</size>
         <input_file_ref idref="fl-8"/>
      </object_component>
      <object_component id="oc-11f">
         <name>.debug_abbrev</name>
         <load_address>0x911</load_address>
         <run_address>0x911</run_address>
         <size>0x8b</size>
         <input_file_ref idref="fl-8"/>
      </object_component>
      <object_component id="oc-7b">
         <name>.debug_abbrev</name>
         <load_address>0x99c</load_address>
         <run_address>0x99c</run_address>
         <size>0x37</size>
         <input_file_ref idref="fl-c3"/>
      </object_component>
      <object_component id="oc-39">
         <name>.debug_abbrev</name>
         <load_address>0x9d3</load_address>
         <run_address>0x9d3</run_address>
         <size>0x74</size>
         <input_file_ref idref="fl-c3"/>
      </object_component>
      <object_component id="oc-3c">
         <name>.debug_abbrev</name>
         <load_address>0xa47</load_address>
         <run_address>0xa47</run_address>
         <size>0x24</size>
         <input_file_ref idref="fl-c3"/>
      </object_component>
      <object_component id="oc-78">
         <name>.debug_abbrev</name>
         <load_address>0xa6b</load_address>
         <run_address>0xa6b</run_address>
         <size>0x24</size>
         <input_file_ref idref="fl-c3"/>
      </object_component>
      <object_component id="oc-b5">
         <name>.debug_abbrev</name>
         <load_address>0xa8f</load_address>
         <run_address>0xa8f</run_address>
         <size>0x37</size>
         <input_file_ref idref="fl-c4"/>
      </object_component>
      <object_component id="oc-29">
         <name>.debug_abbrev</name>
         <load_address>0xac6</load_address>
         <run_address>0xac6</run_address>
         <size>0x6f</size>
         <input_file_ref idref="fl-c4"/>
      </object_component>
      <object_component id="oc-2c">
         <name>.debug_abbrev</name>
         <load_address>0xb35</load_address>
         <run_address>0xb35</run_address>
         <size>0x24</size>
         <input_file_ref idref="fl-c4"/>
      </object_component>
      <object_component id="oc-b2">
         <name>.debug_abbrev</name>
         <load_address>0xb59</load_address>
         <run_address>0xb59</run_address>
         <size>0x35</size>
         <input_file_ref idref="fl-c4"/>
      </object_component>
      <object_component id="oc-71">
         <name>.debug_abbrev</name>
         <load_address>0xb8e</load_address>
         <run_address>0xb8e</run_address>
         <size>0x24</size>
         <input_file_ref idref="fl-c4"/>
      </object_component>
      <object_component id="oc-6d">
         <name>.debug_abbrev</name>
         <load_address>0xbb2</load_address>
         <run_address>0xbb2</run_address>
         <size>0x29</size>
         <input_file_ref idref="fl-c5"/>
      </object_component>
      <object_component id="oc-99">
         <name>.debug_abbrev</name>
         <load_address>0xbdb</load_address>
         <run_address>0xbdb</run_address>
         <size>0x61</size>
         <input_file_ref idref="fl-c5"/>
      </object_component>
      <object_component id="oc-137">
         <name>.debug_abbrev</name>
         <load_address>0xc3c</load_address>
         <run_address>0xc3c</run_address>
         <size>0x45</size>
         <input_file_ref idref="fl-c6"/>
      </object_component>
      <object_component id="oc-75">
         <name>.debug_abbrev</name>
         <load_address>0xc81</load_address>
         <run_address>0xc81</run_address>
         <size>0x3e</size>
         <input_file_ref idref="fl-c9"/>
      </object_component>
      <object_component id="oc-17f">
         <name>.debug_abbrev</name>
         <load_address>0xcbf</load_address>
         <run_address>0xcbf</run_address>
         <size>0xdb</size>
         <input_file_ref idref="fl-cb"/>
      </object_component>
      <object_component id="oc-141">
         <name>.debug_abbrev</name>
         <load_address>0xd9a</load_address>
         <run_address>0xd9a</run_address>
         <size>0x7e</size>
         <input_file_ref idref="fl-cb"/>
      </object_component>
      <object_component id="oc-183">
         <name>.debug_abbrev</name>
         <load_address>0xe18</load_address>
         <run_address>0xe18</run_address>
         <size>0x24</size>
         <input_file_ref idref="fl-cb"/>
      </object_component>
      <object_component id="oc-197">
         <name>.debug_abbrev</name>
         <load_address>0xe3c</load_address>
         <run_address>0xe3c</run_address>
         <size>0x24</size>
         <input_file_ref idref="fl-cb"/>
      </object_component>
      <object_component id="oc-188">
         <name>.debug_abbrev</name>
         <load_address>0xe60</load_address>
         <run_address>0xe60</run_address>
         <size>0x24</size>
         <input_file_ref idref="fl-cb"/>
      </object_component>
      <object_component id="oc-18d">
         <name>.debug_abbrev</name>
         <load_address>0xe84</load_address>
         <run_address>0xe84</run_address>
         <size>0x4b</size>
         <input_file_ref idref="fl-cb"/>
      </object_component>
      <object_component id="oc-bf">
         <name>.debug_abbrev</name>
         <load_address>0xecf</load_address>
         <run_address>0xecf</run_address>
         <size>0x55</size>
         <input_file_ref idref="fl-cc"/>
      </object_component>
      <object_component id="oc-1d3">
         <name>.debug_abbrev</name>
         <load_address>0xf24</load_address>
         <run_address>0xf24</run_address>
         <size>0xf</size>
      </object_component>
      <object_component id="oc-af">
         <name>.debug_str</name>
         <load_address>0x0</load_address>
         <run_address>0x0</run_address>
         <size>0x2ce</size>
         <input_file_ref idref="fl-1"/>
      </object_component>
      <object_component id="oc-164">
         <name>.debug_str</name>
         <load_address>0x2ce</load_address>
         <run_address>0x2ce</run_address>
         <size>0x4a3</size>
         <input_file_ref idref="fl-1"/>
      </object_component>
      <object_component id="oc-15f">
         <name>.debug_str</name>
         <load_address>0x771</load_address>
         <run_address>0x771</run_address>
         <size>0x15e7</size>
         <input_file_ref idref="fl-1"/>
      </object_component>
      <object_component id="oc-33">
         <name>.debug_str</name>
         <load_address>0x1d58</load_address>
         <run_address>0x1d58</run_address>
         <size>0xfc</size>
         <input_file_ref idref="fl-1"/>
      </object_component>
      <object_component id="oc-124">
         <name>.debug_str</name>
         <load_address>0x1e54</load_address>
         <run_address>0x1e54</run_address>
         <size>0x35d</size>
         <input_file_ref idref="fl-1"/>
      </object_component>
      <object_component id="oc-dd">
         <name>.debug_str</name>
         <load_address>0x21b1</load_address>
         <run_address>0x21b1</run_address>
         <size>0x166</size>
         <input_file_ref idref="fl-1"/>
      </object_component>
      <object_component id="oc-170">
         <name>.debug_str</name>
         <load_address>0x2317</load_address>
         <run_address>0x2317</run_address>
         <size>0x15e8</size>
         <input_file_ref idref="fl-5"/>
      </object_component>
      <object_component id="oc-3e">
         <name>.debug_str</name>
         <load_address>0x38ff</load_address>
         <run_address>0x38ff</run_address>
         <size>0x10b</size>
         <input_file_ref idref="fl-c3"/>
      </object_component>
      <object_component id="oc-7a">
         <name>.debug_str</name>
         <load_address>0x3a0a</load_address>
         <run_address>0x3a0a</run_address>
         <size>0x143</size>
         <input_file_ref idref="fl-c3"/>
      </object_component>
      <object_component id="oc-2e">
         <name>.debug_str</name>
         <load_address>0x3b4d</load_address>
         <run_address>0x3b4d</run_address>
         <size>0x118</size>
         <input_file_ref idref="fl-c4"/>
      </object_component>
      <object_component id="oc-b4">
         <name>.debug_str</name>
         <load_address>0x3c65</load_address>
         <run_address>0x3c65</run_address>
         <size>0x16e</size>
         <input_file_ref idref="fl-c4"/>
      </object_component>
      <object_component id="oc-73">
         <name>.debug_str</name>
         <load_address>0x3dd3</load_address>
         <run_address>0x3dd3</run_address>
         <size>0x15b</size>
         <input_file_ref idref="fl-c4"/>
      </object_component>
      <object_component id="oc-185">
         <name>.debug_str</name>
         <load_address>0x3f2e</load_address>
         <run_address>0x3f2e</run_address>
         <size>0xed</size>
         <input_file_ref idref="fl-cb"/>
      </object_component>
      <object_component id="oc-199">
         <name>.debug_str</name>
         <load_address>0x401b</load_address>
         <run_address>0x401b</run_address>
         <size>0x15a</size>
         <input_file_ref idref="fl-cb"/>
      </object_component>
      <object_component id="oc-18a">
         <name>.debug_str</name>
         <load_address>0x4175</load_address>
         <run_address>0x4175</run_address>
         <size>0x153</size>
         <input_file_ref idref="fl-cb"/>
      </object_component>
      <object_component id="oc-18f">
         <name>.debug_str</name>
         <load_address>0x42c8</load_address>
         <run_address>0x42c8</run_address>
         <size>0x19a</size>
         <input_file_ref idref="fl-cb"/>
      </object_component>
      <object_component id="oc-ce">
         <name>.debug_aranges</name>
         <load_address>0x0</load_address>
         <run_address>0x0</run_address>
         <size>0x28</size>
         <input_file_ref idref="fl-1"/>
      </object_component>
      <object_component id="oc-c8">
         <name>.debug_aranges</name>
         <load_address>0x28</load_address>
         <run_address>0x28</run_address>
         <size>0x40</size>
         <input_file_ref idref="fl-2"/>
      </object_component>
      <object_component id="oc-92">
         <name>.debug_aranges</name>
         <load_address>0x68</load_address>
         <run_address>0x68</run_address>
         <size>0x40</size>
         <input_file_ref idref="fl-3"/>
      </object_component>
      <object_component id="oc-c2">
         <name>.debug_aranges</name>
         <load_address>0xa8</load_address>
         <run_address>0xa8</run_address>
         <size>0x38</size>
         <input_file_ref idref="fl-4"/>
      </object_component>
      <object_component id="oc-d4">
         <name>.debug_aranges</name>
         <load_address>0xe0</load_address>
         <run_address>0xe0</run_address>
         <size>0x50</size>
         <input_file_ref idref="fl-5"/>
      </object_component>
      <object_component id="oc-12e">
         <name>.debug_aranges</name>
         <load_address>0x130</load_address>
         <run_address>0x130</run_address>
         <size>0x38</size>
         <input_file_ref idref="fl-6"/>
      </object_component>
      <object_component id="oc-66">
         <name>.debug_aranges</name>
         <load_address>0x168</load_address>
         <run_address>0x168</run_address>
         <size>0x28</size>
         <input_file_ref idref="fl-7"/>
      </object_component>
      <object_component id="oc-a4">
         <name>.debug_aranges</name>
         <load_address>0x190</load_address>
         <run_address>0x190</run_address>
         <size>0x28</size>
         <input_file_ref idref="fl-8"/>
      </object_component>
      <object_component id="oc-1c">
         <name>.debug_aranges</name>
         <load_address>0x1b8</load_address>
         <run_address>0x1b8</run_address>
         <size>0x20</size>
         <input_file_ref idref="fl-c3"/>
      </object_component>
      <object_component id="oc-16">
         <name>.debug_aranges</name>
         <load_address>0x1d8</load_address>
         <run_address>0x1d8</run_address>
         <size>0x20</size>
         <input_file_ref idref="fl-c4"/>
      </object_component>
      <object_component id="oc-54">
         <name>.debug_aranges</name>
         <load_address>0x1f8</load_address>
         <run_address>0x1f8</run_address>
         <size>0x20</size>
         <input_file_ref idref="fl-c5"/>
      </object_component>
      <object_component id="oc-e0">
         <name>.debug_aranges</name>
         <load_address>0x218</load_address>
         <run_address>0x218</run_address>
         <size>0x20</size>
         <input_file_ref idref="fl-c6"/>
      </object_component>
      <object_component id="oc-36">
         <name>.debug_aranges</name>
         <load_address>0x238</load_address>
         <run_address>0x238</run_address>
         <size>0x20</size>
         <input_file_ref idref="fl-c9"/>
      </object_component>
      <object_component id="oc-ec">
         <name>.debug_aranges</name>
         <load_address>0x258</load_address>
         <run_address>0x258</run_address>
         <size>0x20</size>
         <input_file_ref idref="fl-cb"/>
      </object_component>
      <object_component id="oc-8c">
         <name>.debug_aranges</name>
         <load_address>0x278</load_address>
         <run_address>0x278</run_address>
         <size>0x20</size>
         <input_file_ref idref="fl-cc"/>
      </object_component>
      <object_component id="oc-cf">
         <name>.debug_pubnames</name>
         <load_address>0x0</load_address>
         <run_address>0x0</run_address>
         <size>0x2e</size>
         <input_file_ref idref="fl-1"/>
      </object_component>
      <object_component id="oc-129">
         <name>.debug_pubnames</name>
         <load_address>0x2e</load_address>
         <run_address>0x2e</run_address>
         <size>0x67</size>
         <input_file_ref idref="fl-2"/>
      </object_component>
      <object_component id="oc-c9">
         <name>.debug_pubnames</name>
         <load_address>0x95</load_address>
         <run_address>0x95</run_address>
         <size>0x68</size>
         <input_file_ref idref="fl-2"/>
      </object_component>
      <object_component id="oc-93">
         <name>.debug_pubnames</name>
         <load_address>0xfd</load_address>
         <run_address>0xfd</run_address>
         <size>0x55</size>
         <input_file_ref idref="fl-3"/>
      </object_component>
      <object_component id="oc-c3">
         <name>.debug_pubnames</name>
         <load_address>0x152</load_address>
         <run_address>0x152</run_address>
         <size>0x60</size>
         <input_file_ref idref="fl-4"/>
      </object_component>
      <object_component id="oc-134">
         <name>.debug_pubnames</name>
         <load_address>0x1b2</load_address>
         <run_address>0x1b2</run_address>
         <size>0x1e</size>
         <input_file_ref idref="fl-5"/>
      </object_component>
      <object_component id="oc-d5">
         <name>.debug_pubnames</name>
         <load_address>0x1d0</load_address>
         <run_address>0x1d0</run_address>
         <size>0xa0</size>
         <input_file_ref idref="fl-5"/>
      </object_component>
      <object_component id="oc-12f">
         <name>.debug_pubnames</name>
         <load_address>0x270</load_address>
         <run_address>0x270</run_address>
         <size>0x5d</size>
         <input_file_ref idref="fl-6"/>
      </object_component>
      <object_component id="oc-25">
         <name>.debug_pubnames</name>
         <load_address>0x2cd</load_address>
         <run_address>0x2cd</run_address>
         <size>0x27</size>
         <input_file_ref idref="fl-7"/>
      </object_component>
      <object_component id="oc-67">
         <name>.debug_pubnames</name>
         <load_address>0x2f4</load_address>
         <run_address>0x2f4</run_address>
         <size>0x38</size>
         <input_file_ref idref="fl-7"/>
      </object_component>
      <object_component id="oc-11e">
         <name>.debug_pubnames</name>
         <load_address>0x32c</load_address>
         <run_address>0x32c</run_address>
         <size>0x26</size>
         <input_file_ref idref="fl-8"/>
      </object_component>
      <object_component id="oc-a5">
         <name>.debug_pubnames</name>
         <load_address>0x352</load_address>
         <run_address>0x352</run_address>
         <size>0x3b</size>
         <input_file_ref idref="fl-8"/>
      </object_component>
      <object_component id="oc-1d">
         <name>.debug_pubnames</name>
         <load_address>0x38d</load_address>
         <run_address>0x38d</run_address>
         <size>0x2b</size>
         <input_file_ref idref="fl-c3"/>
      </object_component>
      <object_component id="oc-17">
         <name>.debug_pubnames</name>
         <load_address>0x3b8</load_address>
         <run_address>0x3b8</run_address>
         <size>0x2b</size>
         <input_file_ref idref="fl-c4"/>
      </object_component>
      <object_component id="oc-28">
         <name>.debug_pubnames</name>
         <load_address>0x3e3</load_address>
         <run_address>0x3e3</run_address>
         <size>0x1e</size>
         <input_file_ref idref="fl-c5"/>
      </object_component>
      <object_component id="oc-55">
         <name>.debug_pubnames</name>
         <load_address>0x401</load_address>
         <run_address>0x401</run_address>
         <size>0x26</size>
         <input_file_ref idref="fl-c5"/>
      </object_component>
      <object_component id="oc-e1">
         <name>.debug_pubnames</name>
         <load_address>0x427</load_address>
         <run_address>0x427</run_address>
         <size>0x1c</size>
         <input_file_ref idref="fl-c6"/>
      </object_component>
      <object_component id="oc-37">
         <name>.debug_pubnames</name>
         <load_address>0x443</load_address>
         <run_address>0x443</run_address>
         <size>0x1d</size>
         <input_file_ref idref="fl-c9"/>
      </object_component>
      <object_component id="oc-ed">
         <name>.debug_pubnames</name>
         <load_address>0x460</load_address>
         <run_address>0x460</run_address>
         <size>0x35</size>
         <input_file_ref idref="fl-cb"/>
      </object_component>
      <object_component id="oc-8d">
         <name>.debug_pubnames</name>
         <load_address>0x495</load_address>
         <run_address>0x495</run_address>
         <size>0x27</size>
         <input_file_ref idref="fl-cc"/>
      </object_component>
      <object_component id="oc-ac">
         <name>.debug_pubtypes</name>
         <load_address>0x0</load_address>
         <run_address>0x0</run_address>
         <size>0x25c</size>
         <input_file_ref idref="fl-1"/>
      </object_component>
      <object_component id="oc-161">
         <name>.debug_pubtypes</name>
         <load_address>0x25c</load_address>
         <run_address>0x25c</run_address>
         <size>0xdd</size>
         <input_file_ref idref="fl-1"/>
      </object_component>
      <object_component id="oc-15c">
         <name>.debug_pubtypes</name>
         <load_address>0x339</load_address>
         <run_address>0x339</run_address>
         <size>0x2ce</size>
         <input_file_ref idref="fl-1"/>
      </object_component>
      <object_component id="oc-30">
         <name>.debug_pubtypes</name>
         <load_address>0x607</load_address>
         <run_address>0x607</run_address>
         <size>0xed</size>
         <input_file_ref idref="fl-1"/>
      </object_component>
      <object_component id="oc-121">
         <name>.debug_pubtypes</name>
         <load_address>0x6f4</load_address>
         <run_address>0x6f4</run_address>
         <size>0x325</size>
         <input_file_ref idref="fl-1"/>
      </object_component>
      <object_component id="oc-da">
         <name>.debug_pubtypes</name>
         <load_address>0xa19</load_address>
         <run_address>0xa19</run_address>
         <size>0xaa</size>
         <input_file_ref idref="fl-1"/>
      </object_component>
      <object_component id="oc-16d">
         <name>.debug_pubtypes</name>
         <load_address>0xac3</load_address>
         <run_address>0xac3</run_address>
         <size>0x2ce</size>
         <input_file_ref idref="fl-5"/>
      </object_component>
      <object_component id="oc-3b">
         <name>.debug_pubtypes</name>
         <load_address>0xd91</load_address>
         <run_address>0xd91</run_address>
         <size>0x48</size>
         <input_file_ref idref="fl-c3"/>
      </object_component>
      <object_component id="oc-77">
         <name>.debug_pubtypes</name>
         <load_address>0xdd9</load_address>
         <run_address>0xdd9</run_address>
         <size>0x1d</size>
         <input_file_ref idref="fl-c3"/>
      </object_component>
      <object_component id="oc-2b">
         <name>.debug_pubtypes</name>
         <load_address>0xdf6</load_address>
         <run_address>0xdf6</run_address>
         <size>0x5d</size>
         <input_file_ref idref="fl-c4"/>
      </object_component>
      <object_component id="oc-b1">
         <name>.debug_pubtypes</name>
         <load_address>0xe53</load_address>
         <run_address>0xe53</run_address>
         <size>0x48</size>
         <input_file_ref idref="fl-c4"/>
      </object_component>
      <object_component id="oc-70">
         <name>.debug_pubtypes</name>
         <load_address>0xe9b</load_address>
         <run_address>0xe9b</run_address>
         <size>0x35</size>
         <input_file_ref idref="fl-c4"/>
      </object_component>
      <object_component id="oc-182">
         <name>.debug_pubtypes</name>
         <load_address>0xed0</load_address>
         <run_address>0xed0</run_address>
         <size>0x32</size>
         <input_file_ref idref="fl-cb"/>
      </object_component>
      <object_component id="oc-196">
         <name>.debug_pubtypes</name>
         <load_address>0xf02</load_address>
         <run_address>0xf02</run_address>
         <size>0x30</size>
         <input_file_ref idref="fl-cb"/>
      </object_component>
      <object_component id="oc-187">
         <name>.debug_pubtypes</name>
         <load_address>0xf32</load_address>
         <run_address>0xf32</run_address>
         <size>0x2c</size>
         <input_file_ref idref="fl-cb"/>
      </object_component>
      <object_component id="oc-18c">
         <name>.debug_pubtypes</name>
         <load_address>0xf5e</load_address>
         <run_address>0xf5e</run_address>
         <size>0x50</size>
         <input_file_ref idref="fl-cb"/>
      </object_component>
   </object_component_list>
   <logical_group_list>
      <logical_group id="lg-3" display="no" color="cyan">
         <name>.intvecs</name>
         <load_address>0x0</load_address>
         <run_address>0x0</run_address>
         <size>0xe4</size>
         <contents>
            <object_component_ref idref="oc-23"/>
         </contents>
      </logical_group>
      <logical_group id="lg-4" display="no" color="cyan">
         <name>.text</name>
         <load_address>0xe4</load_address>
         <run_address>0xe4</run_address>
         <size>0xb96</size>
         <contents>
            <object_component_ref idref="oc-a2"/>
            <object_component_ref idref="oc-d2"/>
            <object_component_ref idref="oc-c6"/>
            <object_component_ref idref="oc-90"/>
            <object_component_ref idref="oc-c0"/>
            <object_component_ref idref="oc-34"/>
            <object_component_ref idref="oc-12c"/>
            <object_component_ref idref="oc-14"/>
            <object_component_ref idref="oc-ea"/>
            <object_component_ref idref="oc-52"/>
            <object_component_ref idref="oc-1a"/>
            <object_component_ref idref="oc-64"/>
            <object_component_ref idref="oc-cc"/>
            <object_component_ref idref="oc-8a"/>
            <object_component_ref idref="oc-de"/>
         </contents>
      </logical_group>
      <logical_group id="lg-5" display="no" color="cyan">
         <name>.const</name>
         <load_address>0xc7a</load_address>
         <run_address>0xc7a</run_address>
         <size>0x2</size>
         <contents>
            <object_component_ref idref="oc-132"/>
         </contents>
      </logical_group>
      <logical_group id="lg-6" display="no" color="cyan">
         <name>.cinit</name>
         <load_address>0xc80</load_address>
         <run_address>0xc80</run_address>
         <size>0x20</size>
         <contents>
            <object_component_ref idref="oc-1d0"/>
            <object_component_ref idref="oc-1ce"/>
            <object_component_ref idref="oc-1cf"/>
         </contents>
      </logical_group>
      <logical_group id="lg-7" display="no" color="cyan">
         <name>.pinit</name>
         <run_address>0x0</run_address>
         <size>0x0</size>
         <contents>
         </contents>
      </logical_group>
      <logical_group id="lg-8" display="no" color="cyan">
         <name>.init_array</name>
         <run_address>0x0</run_address>
         <size>0x0</size>
         <contents>
         </contents>
      </logical_group>
      <logical_group id="lg-9" display="no" color="cyan">
         <name>.binit</name>
         <load_address>0x0</load_address>
         <run_address>0x0</run_address>
         <size>0x0</size>
         <contents>
            <object_component_ref idref="oc-1a3"/>
         </contents>
      </logical_group>
      <logical_group id="lg-a" display="no" color="cyan">
         <name>.flashMailbox</name>
         <run_address>0x0</run_address>
         <size>0x0</size>
         <contents>
         </contents>
      </logical_group>
      <logical_group id="lg-b" display="no" color="cyan">
         <name>.tlvTable</name>
         <run_address>0x0</run_address>
         <size>0x0</size>
         <contents>
         </contents>
      </logical_group>
      <logical_group id="lg-c" display="no" color="cyan">
         <name>.bslArea</name>
         <run_address>0x0</run_address>
         <size>0x0</size>
         <contents>
         </contents>
      </logical_group>
      <logical_group id="lg-d" display="no" color="cyan">
         <name>.vtable</name>
         <run_address>0x0</run_address>
         <size>0x0</size>
         <contents>
         </contents>
      </logical_group>
      <logical_group id="lg-e" display="no" color="cyan">
         <name>.data</name>
         <run_address>0x20000000</run_address>
         <size>0x1c</size>
         <contents>
            <object_component_ref idref="oc-127"/>
            <object_component_ref idref="oc-11c"/>
         </contents>
      </logical_group>
      <logical_group id="lg-f" display="no" color="cyan">
         <name>.bss</name>
         <run_address>0x0</run_address>
         <size>0x0</size>
         <contents>
         </contents>
      </logical_group>
      <logical_group id="lg-10" display="no" color="cyan">
         <name>.sysmem</name>
         <run_address>0x0</run_address>
         <size>0x0</size>
         <contents>
         </contents>
      </logical_group>
      <logical_group id="lg-11" display="no" color="cyan">
         <name>.stack</name>
         <run_address>0x2000fe00</run_address>
         <size>0x200</size>
         <contents>
            <object_component_ref idref="oc-26"/>
            <object_component_ref idref="oc-1d1"/>
         </contents>
      </logical_group>
      <logical_group id="lg-12" display="no" color="cyan">
         <name>.TI.ramfunc</name>
         <run_address>0x0</run_address>
         <size>0x0</size>
         <contents>
         </contents>
      </logical_group>
      <logical_group id="lg-1a1" display="no" color="cyan">
         <name>.TI.noinit</name>
         <run_address>0x0</run_address>
         <size>0x0</size>
         <contents>
         </contents>
      </logical_group>
      <logical_group id="lg-1a2" display="no" color="cyan">
         <name>.TI.persistent</name>
         <run_address>0x0</run_address>
         <size>0x0</size>
         <contents>
         </contents>
      </logical_group>
      <logical_group id="lg-1b6" display="never" color="cyan">
         <name>.debug_info</name>
         <load_address>0x0</load_address>
         <run_address>0x0</run_address>
         <size>0xce46</size>
         <contents>
            <object_component_ref idref="oc-125"/>
            <object_component_ref idref="oc-cd"/>
            <object_component_ref idref="oc-ab"/>
            <object_component_ref idref="oc-160"/>
            <object_component_ref idref="oc-15b"/>
            <object_component_ref idref="oc-2f"/>
            <object_component_ref idref="oc-120"/>
            <object_component_ref idref="oc-d9"/>
            <object_component_ref idref="oc-128"/>
            <object_component_ref idref="oc-c7"/>
            <object_component_ref idref="oc-91"/>
            <object_component_ref idref="oc-c1"/>
            <object_component_ref idref="oc-136"/>
            <object_component_ref idref="oc-133"/>
            <object_component_ref idref="oc-d3"/>
            <object_component_ref idref="oc-16c"/>
            <object_component_ref idref="oc-12d"/>
            <object_component_ref idref="oc-6c"/>
            <object_component_ref idref="oc-24"/>
            <object_component_ref idref="oc-65"/>
            <object_component_ref idref="oc-11d"/>
            <object_component_ref idref="oc-a3"/>
            <object_component_ref idref="oc-3f"/>
            <object_component_ref idref="oc-1b"/>
            <object_component_ref idref="oc-3a"/>
            <object_component_ref idref="oc-76"/>
            <object_component_ref idref="oc-74"/>
            <object_component_ref idref="oc-15"/>
            <object_component_ref idref="oc-2a"/>
            <object_component_ref idref="oc-b0"/>
            <object_component_ref idref="oc-6f"/>
            <object_component_ref idref="oc-27"/>
            <object_component_ref idref="oc-53"/>
            <object_component_ref idref="oc-df"/>
            <object_component_ref idref="oc-35"/>
            <object_component_ref idref="oc-142"/>
            <object_component_ref idref="oc-eb"/>
            <object_component_ref idref="oc-181"/>
            <object_component_ref idref="oc-195"/>
            <object_component_ref idref="oc-186"/>
            <object_component_ref idref="oc-18b"/>
            <object_component_ref idref="oc-8b"/>
            <object_component_ref idref="oc-1d2"/>
         </contents>
      </logical_group>
      <logical_group id="lg-1b8" display="never" color="cyan">
         <name>.debug_line</name>
         <load_address>0x0</load_address>
         <run_address>0x0</run_address>
         <size>0x12fd</size>
         <contents>
            <object_component_ref idref="oc-15a"/>
            <object_component_ref idref="oc-d0"/>
            <object_component_ref idref="oc-ae"/>
            <object_component_ref idref="oc-163"/>
            <object_component_ref idref="oc-15e"/>
            <object_component_ref idref="oc-32"/>
            <object_component_ref idref="oc-123"/>
            <object_component_ref idref="oc-dc"/>
            <object_component_ref idref="oc-166"/>
            <object_component_ref idref="oc-ca"/>
            <object_component_ref idref="oc-94"/>
            <object_component_ref idref="oc-c4"/>
            <object_component_ref idref="oc-16b"/>
            <object_component_ref idref="oc-169"/>
            <object_component_ref idref="oc-d6"/>
            <object_component_ref idref="oc-16f"/>
            <object_component_ref idref="oc-130"/>
            <object_component_ref idref="oc-aa"/>
            <object_component_ref idref="oc-6b"/>
            <object_component_ref idref="oc-68"/>
            <object_component_ref idref="oc-158"/>
            <object_component_ref idref="oc-a6"/>
            <object_component_ref idref="oc-7c"/>
            <object_component_ref idref="oc-1e"/>
            <object_component_ref idref="oc-3d"/>
            <object_component_ref idref="oc-79"/>
            <object_component_ref idref="oc-b6"/>
            <object_component_ref idref="oc-18"/>
            <object_component_ref idref="oc-2d"/>
            <object_component_ref idref="oc-b3"/>
            <object_component_ref idref="oc-72"/>
            <object_component_ref idref="oc-6e"/>
            <object_component_ref idref="oc-56"/>
            <object_component_ref idref="oc-e2"/>
            <object_component_ref idref="oc-38"/>
            <object_component_ref idref="oc-180"/>
            <object_component_ref idref="oc-ee"/>
            <object_component_ref idref="oc-184"/>
            <object_component_ref idref="oc-198"/>
            <object_component_ref idref="oc-189"/>
            <object_component_ref idref="oc-18e"/>
            <object_component_ref idref="oc-8e"/>
         </contents>
      </logical_group>
      <logical_group id="lg-1ba" display="never" color="cyan">
         <name>.debug_frame</name>
         <load_address>0x0</load_address>
         <run_address>0x0</run_address>
         <size>0x6e4</size>
         <contents>
            <object_component_ref idref="oc-d1"/>
            <object_component_ref idref="oc-cb"/>
            <object_component_ref idref="oc-95"/>
            <object_component_ref idref="oc-c5"/>
            <object_component_ref idref="oc-d7"/>
            <object_component_ref idref="oc-131"/>
            <object_component_ref idref="oc-69"/>
            <object_component_ref idref="oc-a7"/>
            <object_component_ref idref="oc-1f"/>
            <object_component_ref idref="oc-19"/>
            <object_component_ref idref="oc-57"/>
            <object_component_ref idref="oc-e3"/>
            <object_component_ref idref="oc-ef"/>
            <object_component_ref idref="oc-8f"/>
         </contents>
      </logical_group>
      <logical_group id="lg-1bc" display="never" color="cyan">
         <name>.debug_abbrev</name>
         <load_address>0x0</load_address>
         <run_address>0x0</run_address>
         <size>0xf33</size>
         <contents>
            <object_component_ref idref="oc-159"/>
            <object_component_ref idref="oc-12b"/>
            <object_component_ref idref="oc-ad"/>
            <object_component_ref idref="oc-162"/>
            <object_component_ref idref="oc-15d"/>
            <object_component_ref idref="oc-31"/>
            <object_component_ref idref="oc-122"/>
            <object_component_ref idref="oc-db"/>
            <object_component_ref idref="oc-165"/>
            <object_component_ref idref="oc-12a"/>
            <object_component_ref idref="oc-d8"/>
            <object_component_ref idref="oc-126"/>
            <object_component_ref idref="oc-16a"/>
            <object_component_ref idref="oc-168"/>
            <object_component_ref idref="oc-135"/>
            <object_component_ref idref="oc-16e"/>
            <object_component_ref idref="oc-167"/>
            <object_component_ref idref="oc-a9"/>
            <object_component_ref idref="oc-6a"/>
            <object_component_ref idref="oc-a8"/>
            <object_component_ref idref="oc-157"/>
            <object_component_ref idref="oc-11f"/>
            <object_component_ref idref="oc-7b"/>
            <object_component_ref idref="oc-39"/>
            <object_component_ref idref="oc-3c"/>
            <object_component_ref idref="oc-78"/>
            <object_component_ref idref="oc-b5"/>
            <object_component_ref idref="oc-29"/>
            <object_component_ref idref="oc-2c"/>
            <object_component_ref idref="oc-b2"/>
            <object_component_ref idref="oc-71"/>
            <object_component_ref idref="oc-6d"/>
            <object_component_ref idref="oc-99"/>
            <object_component_ref idref="oc-137"/>
            <object_component_ref idref="oc-75"/>
            <object_component_ref idref="oc-17f"/>
            <object_component_ref idref="oc-141"/>
            <object_component_ref idref="oc-183"/>
            <object_component_ref idref="oc-197"/>
            <object_component_ref idref="oc-188"/>
            <object_component_ref idref="oc-18d"/>
            <object_component_ref idref="oc-bf"/>
            <object_component_ref idref="oc-1d3"/>
         </contents>
      </logical_group>
      <logical_group id="lg-1be" display="never" color="cyan">
         <name>.debug_str</name>
         <load_address>0x0</load_address>
         <run_address>0x0</run_address>
         <size>0x4462</size>
         <contents>
            <object_component_ref idref="oc-af"/>
            <object_component_ref idref="oc-164"/>
            <object_component_ref idref="oc-15f"/>
            <object_component_ref idref="oc-33"/>
            <object_component_ref idref="oc-124"/>
            <object_component_ref idref="oc-dd"/>
            <object_component_ref idref="oc-170"/>
            <object_component_ref idref="oc-3e"/>
            <object_component_ref idref="oc-7a"/>
            <object_component_ref idref="oc-2e"/>
            <object_component_ref idref="oc-b4"/>
            <object_component_ref idref="oc-73"/>
            <object_component_ref idref="oc-185"/>
            <object_component_ref idref="oc-199"/>
            <object_component_ref idref="oc-18a"/>
            <object_component_ref idref="oc-18f"/>
         </contents>
      </logical_group>
      <logical_group id="lg-1c0" display="never" color="cyan">
         <name>.debug_aranges</name>
         <load_address>0x0</load_address>
         <run_address>0x0</run_address>
         <size>0x298</size>
         <contents>
            <object_component_ref idref="oc-ce"/>
            <object_component_ref idref="oc-c8"/>
            <object_component_ref idref="oc-92"/>
            <object_component_ref idref="oc-c2"/>
            <object_component_ref idref="oc-d4"/>
            <object_component_ref idref="oc-12e"/>
            <object_component_ref idref="oc-66"/>
            <object_component_ref idref="oc-a4"/>
            <object_component_ref idref="oc-1c"/>
            <object_component_ref idref="oc-16"/>
            <object_component_ref idref="oc-54"/>
            <object_component_ref idref="oc-e0"/>
            <object_component_ref idref="oc-36"/>
            <object_component_ref idref="oc-ec"/>
            <object_component_ref idref="oc-8c"/>
         </contents>
      </logical_group>
      <logical_group id="lg-1c2" display="never" color="cyan">
         <name>.debug_pubnames</name>
         <load_address>0x0</load_address>
         <run_address>0x0</run_address>
         <size>0x4bc</size>
         <contents>
            <object_component_ref idref="oc-cf"/>
[...]
         <name>MAIN</name>
         <page_id>0x0</page_id>
         <origin>0x0</origin>
         <length>0x40000</length>
         <used_space>0xc9c</used_space>
         <unused_space>0x3f364</unused_space>
         <attributes>RX</attributes>
         <usage_details>
            <allocated_space>
               <start_address>0x0</start_address>
               <size>0x0</size>
               <logical_group_ref idref="lg-9"/>
            </allocated_space>
            <allocated_space>
               <start_address>0x0</start_address>
               <size>0xe4</size>
               <logical_group_ref idref="lg-3"/>
            </allocated_space>
            <allocated_space>
               <start_address>0xe4</start_address>
               <size>0xb96</size>
               <logical_group_ref idref="lg-4"/>
            </allocated_space>
            <allocated_space>
               <start_address>0xc7a</start_address>
               <size>0x2</size>
               <logical_group_ref idref="lg-5"/>
            </allocated_space>
            <available_space>
               <start_address>0xc7c</start_address>
               <size>0x4</size>
            </available_space>
            <allocated_space>
               <start_address>0xc80</start_address>
               <size>0x20</size>
               <logical_group_ref idref="lg-6"/>
            </allocated_space>
            <available_space>
               <start_address>0xca0</start_address>
               <size>0x3f360</size>
            </available_space>
         </usage_details>
      </memory_area>
      <memory_area display="yes" color="green">
         <name>INFO</name>
         <page_id>0x0</page_id>
         <origin>0x200000</origin>
         <length>0x4000</length>
         <used_space>0x0</used_space>
         <unused_space>0x4000</unused_space>
         <attributes>RX</attributes>
         <usage_details>
         </usage_details>
      </memory_area>
      <memory_area display="yes" color="green">
         <name>SRAM_CODE</name>
         <page_id>0x0</page_id>
         <origin>0x1000000</origin>
         <length>0x10000</length>
         <used_space>0x21c</used_space>
         <unused_space>0xfde4</unused_space>
         <attributes>RWX</attributes>
         <usage_details>
            <allocated_space>
               <start_address>0x1000000</start_address>
               <size>0x1c</size>
               <logical_group_ref idref="lg-e"/>
            </allocated_space>
            <available_space>
               <start_address>0x100001c</start_address>
               <size>0xfde4</size>
            </available_space>
            <allocated_space>
               <start_address>0x100fe00</start_address>
               <size>0x200</size>
               <logical_group_ref idref="lg-11"/>
            </allocated_space>
         </usage_details>
      </memory_area>
      <memory_area display="yes" color="green">
         <name>SRAM_DATA</name>
         <page_id>0x0</page_id>
         <origin>0x20000000</origin>
         <length>0x10000</length>
         <used_space>0x21c</used_space>
         <unused_space>0xfde4</unused_space>
         <attributes>RW</attributes>
         <usage_details>
            <allocated_space>
               <start_address>0x20000000</start_address>
               <size>0x1c</size>
               <logical_group_ref idref="lg-e"/>
            </allocated_space>
            <available_space>
               <start_address>0x2000001c</start_address>
               <size>0xfde4</size>
            </available_space>
            <allocated_space>
               <start_address>0x2000fe00</start_address>
               <size>0x200</size>
               <logical_group_ref idref="lg-11"/>
            </allocated_space>
         </usage_details>
      </memory_area>
   </placement_map>
   <cptbl_list>
      <cptbl>
         <name>__TI_cinit_table</name>
         <cprec>
            <name>.data</name>
            <load_address>0xc80</load_address>
            <load_size>0xd</load_size>
            <run_address>0x20000000</run_address>
            <run_size>0x1c</run_size>
            <compression>lzss</compression>
         </cprec>
      </cptbl>
   </cptbl_list>
   <handler_table>
      <handler_table_name>__TI_handler_table</handler_table_name>
      <handler>
         <index>0x0</index>
         <name>__TI_decompress_lzss</name>
      </handler>
      <handler>
         <index>0x1</index>
         <name>__TI_decompress_none</name>
      </handler>
   </handler_table>
   <symbol_table>
      <symbol id="sm-1">
         <name>WDTCTL_SYM</name>
         <value>0x4000480c</value>
      </symbol>
      <symbol id="sm-2">
         <name>__TI_CINIT_Base</name>
         <value>0xc98</value>
      </symbol>
      <symbol id="sm-3">
         <name>__TI_CINIT_Limit</name>
         <value>0xca0</value>
      </symbol>
      <symbol id="sm-4">
         <name>__TI_Handler_Table_Base</name>
         <value>0xc90</value>
      </symbol>
      <symbol id="sm-5">
         <name>__TI_Handler_Table_Limit</name>
         <value>0xc98</value>
      </symbol>
      <symbol id="sm-6">
         <name>binit</name>
         <value>0xffffffff</value>
      </symbol>
      <symbol id="sm-7">
         <name>__binit__</name>
         <value>0xffffffff</value>
      </symbol>
      <symbol id="sm-8">
         <name>__STACK_SIZE</name>
         <value>0x200</value>
      </symbol>
      <symbol id="sm-9">
         <name>__STACK_END</name>
         <value>0x20010000</value>
      </symbol>
      <symbol id="sm-a">
         <name>__c_args__</name>
         <value>0xffffffff</value>
      </symbol>
      <symbol id="sm-b">
         <name>__TI_pprof_out_hndl</name>
         <value>0xffffffff</value>
      </symbol>
      <symbol id="sm-c">
         <name>__TI_prof_data_start</name>
         <value>0xffffffff</value>
      </symbol>
      <symbol id="sm-d">
         <name>__TI_prof_data_size</name>
         <value>0xffffffff</value>
      </symbol>
      <symbol id="sm-53">
         <name>Bump_Read</name>
         <value>0xc6f</value>
         <object_component_ref idref="oc-cc"/>
      </symbol>
      <symbol id="sm-54">
         <name>Bump_Init</name>
         <value>0xc6d</value>
         <object_component_ref idref="oc-cc"/>
      </symbol>
      <symbol id="sm-95">
         <name>Clock_Delay1ms</name>
         <value>0x761</value>
         <object_component_ref idref="oc-c6"/>
      </symbol>
      <symbol id="sm-96">
         <name>Crystalstable</name>
         <value>0x20000014</value>
         <object_component_ref idref="oc-127"/>
      </symbol>
      <symbol id="sm-97">
         <name>Clock_Delay1us</name>
         <value>0x737</value>
         <object_component_ref idref="oc-c6"/>
      </symbol>
      <symbol id="sm-98">
         <name>Clock_GetFreq</name>
         <value>0x723</value>
         <object_component_ref idref="oc-c6"/>
      </symbol>
      <symbol id="sm-99">
         <name>Prewait</name>
         <value>0x20000004</value>
         <object_component_ref idref="oc-127"/>
      </symbol>
      <symbol id="sm-9a">
         <name>IFlags</name>
         <value>0x20000010</value>
         <object_component_ref idref="oc-127"/>
      </symbol>
      <symbol id="sm-9b">
         <name>ClockFrequency</name>
         <value>0x20000000</value>
         <object_component_ref idref="oc-127"/>
      </symbol>
      <symbol id="sm-9c">
         <name>Postwait</name>
         <value>0x2000000c</value>
         <object_component_ref idref="oc-127"/>
      </symbol>
      <symbol id="sm-9d">
         <name>delay</name>
         <value>0x729</value>
         <object_component_ref idref="oc-c6"/>
      </symbol>
      <symbol id="sm-9e">
         <name>CPMwait</name>
         <value>0x20000008</value>
         <object_component_ref idref="oc-127"/>
      </symbol>
      <symbol id="sm-9f">
         <name>Clock_Init48MHz</name>
         <value>0x60d</value>
         <object_component_ref idref="oc-c6"/>
      </symbol>
      <symbol id="sm-b4">
         <name>Program12_1</name>
         <value>0x801</value>
         <object_component_ref idref="oc-90"/>
      </symbol>
      <symbol id="sm-b5">
         <name>Program12_2</name>
         <value>0x855</value>
         <object_component_ref idref="oc-90"/>
      </symbol>
      <symbol id="sm-b6">
         <name>Program12_3</name>
         <value>0x8a5</value>
         <object_component_ref idref="oc-90"/>
      </symbol>
      <symbol id="sm-b7">
         <name>main</name>
         <value>0x8c9</value>
         <object_component_ref idref="oc-90"/>
      </symbol>
      <symbol id="sm-b8">
         <name>Pause</name>
         <value>0x7ed</value>
         <object_component_ref idref="oc-90"/>
      </symbol>
      <symbol id="sm-d1">
         <name>LaunchPad_LED</name>
         <value>0x9d3</value>
         <object_component_ref idref="oc-c0"/>
      </symbol>
      <symbol id="sm-d2">
         <name>LaunchPad_Input</name>
         <value>0x9b9</value>
         <object_component_ref idref="oc-c0"/>
      </symbol>
      <symbol id="sm-d3">
         <name>LaunchPad_Output</name>
         <value>0x9f1</value>
         <object_component_ref idref="oc-c0"/>
      </symbol>
      <symbol id="sm-d4">
         <name>LaunchPad_Init</name>
         <value>0x949</value>
         <object_component_ref idref="oc-c0"/>
      </symbol>
      <symbol id="sm-105">
         <name>Motor_InitSimple</name>
         <value>0x411</value>
         <object_component_ref idref="oc-d2"/>
      </symbol>
      <symbol id="sm-106">
         <name>PWM</name>
         <value>0x515</value>
         <object_component_ref idref="oc-d2"/>
      </symbol>
      <symbol id="sm-107">
         <name>Motor_RightSimple</name>
         <value>0x5cb</value>
         <object_component_ref idref="oc-d2"/>
      </symbol>
      <symbol id="sm-108">
         <name>Motor_BackwardSimple</name>
         <value>0x5af</value>
         <object_component_ref idref="oc-d2"/>
      </symbol>
      <symbol id="sm-109">
         <name>Motor_LeftSimple</name>
         <value>0x5bd</value>
         <object_component_ref idref="oc-d2"/>
      </symbol>
      <symbol id="sm-10a">
         <name>Motor_StopSimple</name>
         <value>0x4f5</value>
         <object_component_ref idref="oc-d2"/>
      </symbol>
      <symbol id="sm-10b">
         <name>Motor_ForwardSimple</name>
         <value>0x56d</value>
         <object_component_ref idref="oc-d2"/>
      </symbol>
      <symbol id="sm-123">
         <name>SysTick_Wait</name>
         <value>0xae9</value>
         <object_component_ref idref="oc-12c"/>
      </symbol>
      <symbol id="sm-124">
         <name>SysTick_Wait1us</name>
         <value>0xb0f</value>
         <object_component_ref idref="oc-12c"/>
      </symbol>
      <symbol id="sm-125">
         <name>SysTick_Wait10ms</name>
         <value>0xb35</value>
         <object_component_ref idref="oc-12c"/>
      </symbol>
      <symbol id="sm-126">
         <name>SysTick_Init</name>
         <value>0xad9</value>
         <object_component_ref idref="oc-12c"/>
      </symbol>
      <symbol id="sm-13b">
         <name>Reset_Handler</name>
         <value>0xc5f</value>
         <object_component_ref idref="oc-64"/>
      </symbol>
      <symbol id="sm-13c">
         <name>Default_Handler</name>
         <value>0xc6b</value>
         <object_component_ref idref="oc-64"/>
      </symbol>
      <symbol id="sm-13d">
         <name>interruptVectors</name>
         <value>0x0</value>
         <object_component_ref idref="oc-23"/>
      </symbol>
      <symbol id="sm-183">
         <name>SystemInit</name>
         <value>0x359</value>
         <object_component_ref idref="oc-a2"/>
      </symbol>
      <symbol id="sm-184">
         <name>SystemCoreClockUpdate</name>
         <value>0xe5</value>
         <object_component_ref idref="oc-a2"/>
      </symbol>
      <symbol id="sm-185">
         <name>SystemCoreClock</name>
         <value>0x20000018</value>
         <object_component_ref idref="oc-11c"/>
      </symbol>
      <symbol id="sm-19d">
         <name>__TI_decompress_none</name>
         <value>0xc51</value>
         <object_component_ref idref="oc-1a"/>
      </symbol>
      <symbol id="sm-1c0">
         <name>__TI_decompress_lzss</name>
         <value>0xb6d</value>
         <object_component_ref idref="oc-14"/>
      </symbol>
      <symbol id="sm-1d3">
         <name>__stack</name>
         <value>0x2000fe00</value>
         <object_component_ref idref="oc-26"/>
      </symbol>
      <symbol id="sm-1d4">
         <name>_c_int00_noargs</name>
         <value>0xc19</value>
         <object_component_ref idref="oc-52"/>
      </symbol>
      <symbol id="sm-1df">
         <name>C$$EXIT</name>
         <value>0xc77</value>
         <object_component_ref idref="oc-de"/>
      </symbol>
      <symbol id="sm-1e0">
         <name>abort</name>
         <value>0xc77</value>
         <object_component_ref idref="oc-de"/>
      </symbol>
      <symbol id="sm-1fd">
         <name>memcpy</name>
         <value>0xa3d</value>
         <object_component_ref idref="oc-34"/>
      </symbol>
      <symbol id="sm-1fe">
         <name>__aeabi_memcpy</name>
         <value>0xa3d</value>
         <object_component_ref idref="oc-34"/>
      </symbol>
      <symbol id="sm-1ff">
         <name>__aeabi_memcpy8</name>
         <value>0xa3d</value>
         <object_component_ref idref="oc-34"/>
      </symbol>
      <symbol id="sm-200">
         <name>__aeabi_memcpy4</name>
         <value>0xa3d</value>
         <object_component_ref idref="oc-34"/>
      </symbol>
      <symbol id="sm-229">
         <name>__TI_auto_init_nobinit_nopinit</name>
         <value>0xbd5</value>
         <object_component_ref idref="oc-ea"/>
      </symbol>
      <symbol id="sm-233">
         <name>_system_pre_init</name>
         <value>0xc73</value>
         <object_component_ref idref="oc-8a"/>
      </symbol>
      <symbol id="sm-235">
         <name>__TI_static_base__</name>
         <value>0x0</value>
      </symbol>
      <symbol id="sm-238">
         <name>__mpu_init</name>
         <value>0x0</value>
      </symbol>
      <symbol id="sm-239">
         <name>_system_post_cinit</name>
         <value>0x0</value>
      </symbol>
      <symbol id="sm-23a">
         <name>NMI_Handler</name>
         <value>0xc6b</value>
      </symbol>
      <symbol id="sm-23b">
         <name>HardFault_Handler</name>
         <value>0xc6b</value>
      </symbol>
      <symbol id="sm-23c">
         <name>MemManage_Handler</name>
         <value>0xc6b</value>
      </symbol>
      <symbol id="sm-23d">
         <name>BusFault_Handler</name>
         <value>0xc6b</value>
      </symbol>
      <symbol id="sm-23e">
         <name>UsageFault_Handler</name>
         <value>0xc6b</value>
      </symbol>
      <symbol id="sm-23f">
         <name>SVC_Handler</name>
         <value>0xc6b</value>
      </symbol>
      <symbol id="sm-240">
         <name>DebugMon_Handler</name>
         <value>0xc6b</value>
      </symbol>
      <symbol id="sm-241">
         <name>PendSV_Handler</name>
         <value>0xc6b</value>
      </symbol>
      <symbol id="sm-242">
         <name>SysTick_Handler</name>
         <value>0xc6b</value>
      </symbol>
      <symbol id="sm-243">
         <name>PSS_IRQHandler</name>
         <value>0xc6b</value>
      </symbol>
      <symbol id="sm-244">
         <name>CS_IRQHandler</name>
         <value>0xc6b</value>
      </symbol>
      <symbol id="sm-245">
         <name>PCM_IRQHandler</name>
         <value>0xc6b</value>
      </symbol>
      <symbol id="sm-246">
         <name>WDT_A_IRQHandler</name>
         <value>0xc6b</value>
      </symbol>
      <symbol id="sm-247">
         <name>FPU_IRQHandler</name>
         <value>0xc6b</value>
      </symbol>
      <symbol id="sm-248">
         <name>FLCTL_IRQHandler</name>
         <value>0xc6b</value>
      </symbol>
      <symbol id="sm-249">
         <name>COMP_E0_IRQHandler</name>
         <value>0xc6b</value>
      </symbol>
      <symbol id="sm-24a">
         <name>COMP_E1_IRQHandler</name>
         <value>0xc6b</value>
      </symbol>
      <symbol id="sm-24b">
         <name>TA0_0_IRQHandler</name>
         <value>0xc6b</value>
      </symbol>
      <symbol id="sm-24c">
         <name>TA0_N_IRQHandler</name>
         <value>0xc6b</value>
      </symbol>
      <symbol id="sm-24d">
         <name>TA1_0_IRQHandler</name>
         <value>0xc6b</value>
      </symbol>
      <symbol id="sm-24e">
         <name>TA1_N_IRQHandler</name>
         <value>0xc6b</value>
      </symbol>
      <symbol id="sm-24f">
         <name>TA2_0_IRQHandler</name>
         <value>0xc6b</value>
      </symbol>
      <symbol id="sm-250">
         <name>TA2_N_IRQHandler</name>
         <value>0xc6b</value>
      </symbol>
      <symbol id="sm-251">
         <name>TA3_0_IRQHandler</name>
         <value>0xc6b</value>
      </symbol>
      <symbol id="sm-252">
         <name>TA3_N_IRQHandler</name>
         <value>0xc6b</value>
      </symbol>
      <symbol id="sm-253">
         <name>EUSCIA0_IRQHandler</name>
         <value>0xc6b</value>
      </symbol>
      <symbol id="sm-254">
         <name>EUSCIA1_IRQHandler</name>
         <value>0xc6b</value>
      </symbol>
      <symbol id="sm-255">
         <name>EUSCIA2_IRQHandler</name>
         <value>0xc6b</value>
      </symbol>
      <symbol id="sm-256">
         <name>EUSCIA3_IRQHandler</name>
         <value>0xc6b</value>
      </symbol>
      <symbol id="sm-257">
         <name>EUSCIB0_IRQHandler</name>
         <value>0xc6b</value>
      </symbol>
      <symbol id="sm-258">
         <name>EUSCIB1_IRQHandler</name>
         <value>0xc6b</value>
      </symbol>
      <symbol id="sm-259">
         <name>EUSCIB2_IRQHandler</name>
         <value>0xc6b</value>
      </symbol>
      <symbol id="sm-25a">
         <name>EUSCIB3_IRQHandler</name>
         <value>0xc6b</value>
      </symbol>
      <symbol id="sm-25b">
         <name>ADC14_IRQHandler</name>
         <value>0xc6b</value>
      </symbol>
      <symbol id="sm-25c">
         <name>T32_INT1_IRQHandler</name>
         <value>0xc6b</value>
      </symbol>
      <symbol id="sm-25d">
         <name>T32_INT2_IRQHandler</name>
         <value>0xc6b</value>
      </symbol>
      <symbol id="sm-25e">
         <name>T32_INTC_IRQHandler</name>
         <value>0xc6b</value>
      </symbol>
      <symbol id="sm-25f">
         <name>AES256_IRQHandler</name>
         <value>0xc6b</value>
      </symbol>
      <symbol id="sm-260">
         <name>RTC_C_IRQHandler</name>
         <value>0xc6b</value>
      </symbol>
      <symbol id="sm-261">
         <name>DMA_ERR_IRQHandler</name>
         <value>0xc6b</value>
      </symbol>
      <symbol id="sm-262">
         <name>DMA_INT3_IRQHandler</name>
         <value>0xc6b</value>
      </symbol>
      <symbol id="sm-263">
         <name>DMA_INT2_IRQHandler</name>
         <value>0xc6b</value>
      </symbol>
      <symbol id="sm-264">
         <name>DMA_INT1_IRQHandler</name>
         <value>0xc6b</value>
      </symbol>
      <symbol id="sm-265">
         <name>DMA_INT0_IRQHandler</name>
         <value>0xc6b</value>
      </symbol>
      <symbol id="sm-266">
         <name>PORT1_IRQHandler</name>
         <value>0xc6b</value>
      </symbol>
      <symbol id="sm-267">
         <name>PORT2_IRQHandler</name>
         <value>0xc6b</value>
      </symbol>
      <symbol id="sm-268">
         <name>PORT3_IRQHandler</name>
         <value>0xc6b</value>
      </symbol>
      <symbol id="sm-269">
         <name>PORT4_IRQHandler</name>
         <value>0xc6b</value>
      </symbol>
      <symbol id="sm-26a">
         <name>PORT5_IRQHandler</name>
         <value>0xc6b</value>
      </symbol>
      <symbol id="sm-26b">
         <name>PORT6_IRQHandler</name>
         <value>0xc6b</value>
      </symbol>
   </symbol_table>
   <title>Link successful</title>
</link_info>
