******************************************************************************
                  TI ARM Linker PC v16.9.1                     
******************************************************************************
>> Linked Wed Jan 24 20:46:56 2018

OUTPUT FILE NAME:   <Lab12_Motors.out>
ENTRY POINT SYMBOL: "_c_int00"  address: 00000d5d


MEMORY CONFIGURATION

         name            origin    length      used     unused   attr    fill
----------------------  --------  ---------  --------  --------  ----  --------
  MAIN                  00000000   00040000  00000ec8  0003f138  R  X
  INFO                  00200000   00004000  00000000  00004000  R  X
  SRAM_CODE             01000000   00010000  00000234  0000fdcc  RW X
  SRAM_DATA             20000000   00010000  00000234  0000fdcc  RW  


SEGMENT ALLOCATION MAP

run origin  load origin   length   init length attrs members
----------  ----------- ---------- ----------- ----- -------
00000000    00000000    00000ec8   00000ec8    r-x
  00000000    00000000    000000e4   000000e4    r-- .intvecs
  000000e4    000000e4    00000dbc   00000dbc    r-x .text
  00000ea0    00000ea0    00000028   00000028    r-- .cinit
20000000    20000000    00000034   00000000    rw-
  20000000    20000000    00000034   00000000    rw- .data
2000fe00    2000fe00    00000200   00000000    rw-
  2000fe00    2000fe00    00000200   00000000    rw- .stack


SECTION ALLOCATION MAP

 output                                  attributes/
section   page    origin      length       input sections
--------  ----  ----------  ----------   ----------------
.intvecs   0    00000000    000000e4     
                  00000000    000000e4     startup_msp432p401r_ccs.obj (.intvecs:retain)

.binit     0    00000000    00000000     

.text      0    000000e4    00000dbc     
                  000000e4    0000032c     system_msp432p401r.obj (.text)
                  00000410    000002c4     MotorSimple.obj (.text)
                  000006d4    000001e0     Clock.obj (.text)
                  000008b4    0000015c     Lab12_Motorsmain.obj (.text)
                  00000a10    000000f4     LaunchPad.obj (.text)
                  00000b04    0000009c     rtsv7M4_T_le_v4SPD16_eabi.lib : memcpy_t2.obj (.text)
                  00000ba0    00000078     Bump.obj (.text)
                  00000c18    00000070     rtsv7M4_T_le_v4SPD16_eabi.lib : autoinit.obj (.text)
                  00000c88    0000006c     SysTick.obj (.text)
                  00000cf4    00000068     rtsv7M4_T_le_v4SPD16_eabi.lib : copy_decompress_lzss.obj (.text:decompress:lzss)
                  00000d5c    00000054                                   : boot.obj (.text)
                  00000db0    00000054                                   : exit.obj (.text)
                  00000e04    0000004c                                   : cpy_tbl.obj (.text)
                  00000e50    00000018                                   : args_main.obj (.text)
                  00000e68    00000014                                   : _lock.obj (.text)
                  00000e7c    0000000e                                   : copy_decompress_none.obj (.text:decompress:none)
                  00000e8a    0000000e     startup_msp432p401r_ccs.obj (.text)
                  00000e98    00000004     rtsv7M4_T_le_v4SPD16_eabi.lib : pre_init.obj (.text)
                  00000e9c    00000002                                   : mpu_init.obj (.text)
                  00000e9e    00000002                                   : startup.obj (.text)

.cinit     0    00000ea0    00000028     
                  00000ea0    00000017     (.cinit..data.load) [load image, compression = lzss]
                  00000eb7    00000001     --HOLE-- [fill = 0]
                  00000eb8    00000008     (__TI_handler_table)
                  00000ec0    00000008     (__TI_cinit_table)

.init_array 
*          0    00000000    00000000     UNINITIALIZED

.data      0    20000000    00000034     UNINITIALIZED
                  20000000    00000018     Clock.obj (.data)
                  20000018    0000000c     rtsv7M4_T_le_v4SPD16_eabi.lib : exit.obj (.data:$O1$$)
                  20000024    00000008                                   : _lock.obj (.data:$O1$$)
                  2000002c    00000004                                   : stkdepth_vars.obj (.data)
                  20000030    00000004     system_msp432p401r.obj (.data)

.stack     0    2000fe00    00000200     UNINITIALIZED
                  2000fe00    00000200     --HOLE--

MODULE SUMMARY

       Module                        code   ro data   rw data
       ------                        ----   -------   -------
    .\
       system_msp432p401r.obj        812    0         8      
       MotorSimple.obj               708    0         0      
       Clock.obj                     480    0         48     
       Lab12_Motorsmain.obj          348    0         0      
       LaunchPad.obj                 244    0         0      
       startup_msp432p401r_ccs.obj   14     228       0      
       Bump.obj                      120    0         0      
       SysTick.obj                   108    0         0      
    +--+-----------------------------+------+---------+---------+
       Total:                        2834   228       56     
                                                             
    C:\ti\ccsv7\tools\compiler\ti-cgt-arm_16.9.1.LTS\lib\rtsv7M4_T_le_v4SPD16_eabi.lib
       memcpy_t2.obj                 156    0         0      
       autoinit.obj                  112    0         0      
       exit.obj                      84     0         24     
       copy_decompress_lzss.obj      104    0         0      
       boot.obj                      84     0         0      
       cpy_tbl.obj                   76     0         0      
       _lock.obj                     20     0         16     
       args_main.obj                 24     0         0      
       copy_decompress_none.obj      14     0         0      
       stkdepth_vars.obj             0      0         8      
       pre_init.obj                  4      0         0      
       mpu_init.obj                  2      0         0      
       startup.obj                   2      0         0      
    +--+-----------------------------+------+---------+---------+
       Total:                        682    0         48     
                                                             
       Stack:                        0      0         1024   
       Linker Generated:             0      39        0      
    +--+-----------------------------+------+---------+---------+
       Grand Total:                  3516   267       1128   


LINKER GENERATED COPY TABLES

__TI_cinit_table @ 00000ec0 records: 1, size/record: 8, table size: 8
	.data: load addr=00000ea0, load size=00000017 bytes, run addr=20000000, run size=00000034 bytes, compression=lzss


LINKER GENERATED HANDLER TABLE

__TI_handler_table @ 00000eb8 records: 2, size/record: 4, table size: 8
	index: 0, handler: __TI_decompress_lzss
	index: 1, handler: __TI_decompress_none


GLOBAL SYMBOLS: SORTED ALPHABETICALLY BY Name 

address   name                           
-------   ----                           
00000e97  ADC14_IRQHandler               
00000e97  AES256_IRQHandler              
00000ba1  Bump_Init                      
00000bd5  Bump_Read                      
00000e97  BusFault_Handler               
00000db1  C$$EXIT                        
00000e97  COMP_E0_IRQHandler             
00000e97  COMP_E1_IRQHandler             
20000008  CPMwait                        
00000e97  CS_IRQHandler                  
20000000  ClockFrequency                 
00000829  Clock_Delay1ms                 
000007ff  Clock_Delay1us                 
000007eb  Clock_GetFreq                  
000006d5  Clock_Init48MHz                
20000014  Crystalstable                  
00000e97  DMA_ERR_IRQHandler             
00000e97  DMA_INT0_IRQHandler            
00000e97  DMA_INT1_IRQHandler            
00000e97  DMA_INT2_IRQHandler            
00000e97  DMA_INT3_IRQHandler            
00000e97  DebugMon_Handler               
00000e97  Default_Handler                
00000e97  EUSCIA0_IRQHandler             
00000e97  EUSCIA1_IRQHandler             
00000e97  EUSCIA2_IRQHandler             
00000e97  EUSCIA3_IRQHandler             
00000e97  EUSCIB0_IRQHandler             
00000e97  EUSCIB1_IRQHandler             
00000e97  EUSCIB2_IRQHandler             
00000e97  EUSCIB3_IRQHandler             
00000e97  FLCTL_IRQHandler               
00000e97  FPU_IRQHandler                 
00000e97  HardFault_Handler              
20000010  IFlags                         
00000a11  LaunchPad_Init                 
00000a81  LaunchPad_Input                
00000a9b  LaunchPad_LED                  
00000ab9  LaunchPad_Output               
00000e97  MemManage_Handler              
0000052d  Motor_BackwardSimple           
000004b5  Motor_ForwardSimple            
00000411  Motor_InitSimple               
0000059f  Motor_LeftSimple               
00000621  Motor_RightSimple              
00000495  Motor_StopSimple               
00000e97  NMI_Handler                    
00000e97  PCM_IRQHandler                 
00000e97  PORT1_IRQHandler               
00000e97  PORT2_IRQHandler               
00000e97  PORT3_IRQHandler               
00000e97  PORT4_IRQHandler               
00000e97  PORT5_IRQHandler               
00000e97  PORT6_IRQHandler               
00000e97  PSS_IRQHandler                 
000008b5  Pause                          
00000e97  PendSV_Handler                 
2000000c  Postwait                       
20000004  Prewait                        
000008c9  Program12_1                    
0000091d  Program12_2                    
0000096d  Program12_3                    
00000e97  RTC_C_IRQHandler               
00000e8b  Reset_Handler                  
UNDEFED   SHT$$INIT_ARRAY$$Base          
UNDEFED   SHT$$INIT_ARRAY$$Limit         
00000e97  SVC_Handler                    
00000e97  SysTick_Handler                
00000c89  SysTick_Init                   
00000c99  SysTick_Wait                   
00000cbf  SysTick_Wait10ms               
20000030  SystemCoreClock                
000000e5  SystemCoreClockUpdate          
00000359  SystemInit                     
00000e97  T32_INT1_IRQHandler            
00000e97  T32_INT2_IRQHandler            
00000e97  T32_INTC_IRQHandler            
00000e97  TA0_0_IRQHandler               
00000e97  TA0_N_IRQHandler               
00000e97  TA1_0_IRQHandler               
00000e97  TA1_N_IRQHandler               
00000e97  TA2_0_IRQHandler               
00000e97  TA2_N_IRQHandler               
00000e97  TA3_0_IRQHandler               
00000e97  TA3_N_IRQHandler               
00000e97  UsageFault_Handler             
4000480c  WDTCTL_SYM                     
00000e97  WDT_A_IRQHandler               
20010000  __STACK_END                    
00000200  __STACK_SIZE                   
00000ec0  __TI_CINIT_Base                
00000ec8  __TI_CINIT_Limit               
00000eb8  __TI_Handler_Table_Base        
00000ec0  __TI_Handler_Table_Limit       
00000c19  __TI_auto_init                 
20000018  __TI_cleanup_ptr               
00000cf5  __TI_decompress_lzss           
00000e7d  __TI_decompress_none           
2000001c  __TI_dtors_ptr                 
20000020  __TI_enable_exit_profile_output
ffffffff  __TI_pprof_out_hndl            
ffffffff  __TI_prof_data_size            
ffffffff  __TI_prof_data_start           
00000000  __TI_static_base__             
00000b05  __aeabi_memcpy                 
00000b05  __aeabi_memcpy4                
00000b05  __aeabi_memcpy8                
ffffffff  __binit__                      
ffffffff  __c_args__                     
00000e9d  __mpu_init                     
2000fe00  __stack                        
00000e51  _args_main                     
00000d5d  _c_int00                       
20000024  _lock                          
00000e77  _nop                           
00000e6f  _register_lock                 
00000e69  _register_unlock               
00000e9f  _system_post_cinit             
00000e99  _system_pre_init               
20000028  _unlock                        
00000db5  abort                          
ffffffff  binit                          
00000e05  copy_in                        
000007f1  delay                          
00000dbd  exit                           
00000000  interruptVectors               
00000991  main                           
2000002c  main_func_sp                   
00000b05  memcpy                         


GLOBAL SYMBOLS: SORTED BY Symbol Address 

address   name                           
-------   ----                           
00000000  __TI_static_base__             
00000000  interruptVectors               
000000e5  SystemCoreClockUpdate          
00000200  __STACK_SIZE                   
00000359  SystemInit                     
00000411  Motor_InitSimple               
00000495  Motor_StopSimple               
000004b5  Motor_ForwardSimple            
0000052d  Motor_BackwardSimple           
0000059f  Motor_LeftSimple               
00000621  Motor_RightSimple              
000006d5  Clock_Init48MHz                
000007eb  Clock_GetFreq                  
000007f1  delay                          
000007ff  Clock_Delay1us                 
00000829  Clock_Delay1ms                 
000008b5  Pause                          
000008c9  Program12_1                    
0000091d  Program12_2                    
0000096d  Program12_3                    
00000991  main                           
00000a11  LaunchPad_Init                 
00000a81  LaunchPad_Input                
00000a9b  LaunchPad_LED                  
00000ab9  LaunchPad_Output               
00000b05  __aeabi_memcpy                 
00000b05  __aeabi_memcpy4                
00000b05  __aeabi_memcpy8                
00000b05  memcpy                         
00000ba1  Bump_Init                      
00000bd5  Bump_Read                      
00000c19  __TI_auto_init                 
00000c89  SysTick_Init                   
00000c99  SysTick_Wait                   
00000cbf  SysTick_Wait10ms               
00000cf5  __TI_decompress_lzss           
00000d5d  _c_int00                       
00000db1  C$$EXIT                        
00000db5  abort                          
00000dbd  exit                           
00000e05  copy_in                        
00000e51  _args_main                     
00000e69  _register_unlock               
00000e6f  _register_lock                 
00000e77  _nop                           
00000e7d  __TI_decompress_none           
00000e8b  Reset_Handler                  
00000e97  ADC14_IRQHandler               
00000e97  AES256_IRQHandler              
00000e97  BusFault_Handler               
00000e97  COMP_E0_IRQHandler             
00000e97  COMP_E1_IRQHandler             
00000e97  CS_IRQHandler                  
00000e97  DMA_ERR_IRQHandler             
00000e97  DMA_INT0_IRQHandler            
00000e97  DMA_INT1_IRQHandler            
00000e97  DMA_INT2_IRQHandler            
00000e97  DMA_INT3_IRQHandler            
00000e97  DebugMon_Handler               
00000e97  Default_Handler                
00000e97  EUSCIA0_IRQHandler             
00000e97  EUSCIA1_IRQHandler             
00000e97  EUSCIA2_IRQHandler             
00000e97  EUSCIA3_IRQHandler             
00000e97  EUSCIB0_IRQHandler             
00000e97  EUSCIB1_IRQHandler             
00000e97  EUSCIB2_IRQHandler             
00000e97  EUSCIB3_IRQHandler             
00000e97  FLCTL_IRQHandler               
00000e97  FPU_IRQHandler                 
00000e97  HardFault_Handler              
00000e97  MemManage_Handler              
00000e97  NMI_Handler                    
00000e97  PCM_IRQHandler                 
00000e97  PORT1_IRQHandler               
00000e97  PORT2_IRQHandler               
00000e97  PORT3_IRQHandler               
00000e97  PORT4_IRQHandler               
00000e97  PORT5_IRQHandler               
00000e97  PORT6_IRQHandler               
00000e97  PSS_IRQHandler                 
00000e97  PendSV_Handler                 
00000e97  RTC_C_IRQHandler               
00000e97  SVC_Handler                    
00000e97  SysTick_Handler                
00000e97  T32_INT1_IRQHandler            
00000e97  T32_INT2_IRQHandler            
00000e97  T32_INTC_IRQHandler            
00000e97  TA0_0_IRQHandler               
00000e97  TA0_N_IRQHandler               
00000e97  TA1_0_IRQHandler               
00000e97  TA1_N_IRQHandler               
00000e97  TA2_0_IRQHandler               
00000e97  TA2_N_IRQHandler               
00000e97  TA3_0_IRQHandler               
00000e97  TA3_N_IRQHandler               
00000e97  UsageFault_Handler             
00000e97  WDT_A_IRQHandler               
00000e99  _system_pre_init               
00000e9d  __mpu_init                     
00000e9f  _system_post_cinit             
00000eb8  __TI_Handler_Table_Base        
00000ec0  __TI_CINIT_Base                
00000ec0  __TI_Handler_Table_Limit       
00000ec8  __TI_CINIT_Limit               
20000000  ClockFrequency                 
20000004  Prewait                        
20000008  CPMwait                        
2000000c  Postwait                       
20000010  IFlags                         
20000014  Crystalstable                  
20000018  __TI_cleanup_ptr               
2000001c  __TI_dtors_ptr                 
20000020  __TI_enable_exit_profile_output
20000024  _lock                          
20000028  _unlock                        
2000002c  main_func_sp                   
20000030  SystemCoreClock                
2000fe00  __stack                        
20010000  __STACK_END                    
4000480c  WDTCTL_SYM                     
ffffffff  __TI_pprof_out_hndl            
ffffffff  __TI_prof_data_size            
ffffffff  __TI_prof_data_start           
ffffffff  __binit__                      
ffffffff  __c_args__                     
ffffffff  binit                          
UNDEFED   SHT$$INIT_ARRAY$$Base          
UNDEFED   SHT$$INIT_ARRAY$$Limit         

[129 symbols]
