******************************************************************************
                  TI ARM Linker Unix v18.1.4                   
******************************************************************************
>> Linked Wed Mar 20 11:47:35 2019

OUTPUT FILE NAME:   <Lab12_Motors.out>
ENTRY POINT SYMBOL: "_c_int00_noargs"  address: 00000c19


MEMORY CONFIGURATION

         name            origin    length      used     unused   attr    fill
----------------------  --------  ---------  --------  --------  ----  --------
  MAIN                  00000000   00040000  00000c9c  0003f364  R  X
  INFO                  00200000   00004000  00000000  00004000  R  X
  SRAM_CODE             01000000   00010000  0000021c  0000fde4  RW X
  SRAM_DATA             20000000   00010000  0000021c  0000fde4  RW  


SEGMENT ALLOCATION MAP

run origin  load origin   length   init length attrs members
----------  ----------- ---------- ----------- ----- -------
00000000    00000000    00000ca0   00000ca0    r-x
  00000000    00000000    000000e4   000000e4    r-- .intvecs
  000000e4    000000e4    00000b96   00000b96    r-x .text
  00000c7a    00000c7a    00000002   00000002    r-- .const
  00000c80    00000c80    00000020   00000020    r-- .cinit
20000000    20000000    0000001c   00000000    rw-
  20000000    20000000    0000001c   00000000    rw- .data
2000fe00    2000fe00    00000200   00000000    rw-
  2000fe00    2000fe00    00000200   00000000    rw- .stack


SECTION ALLOCATION MAP

 output                                  attributes/
section   page    origin      length       input sections
--------  ----  ----------  ----------   ----------------
.intvecs   0    00000000    000000e4     
                  00000000    000000e4     startup_msp432p401r_ccs.obj (.intvecs:retain)

.text      0    000000e4    00000b96     
                  000000e4    0000032c     system_msp432p401r.obj (.text)
                  00000410    000001fc     MotorSimple.obj (.text)
                  0000060c    000001e0     Clock.obj (.text)
                  000007ec    0000015c     Lab12_Motorsmain.obj (.text)
                  00000948    000000f4     LaunchPad.obj (.text)
                  00000a3c    0000009c     rtsv7M4_T_le_v4SPD16_eabi.lib : memcpy_t2.asm.obj (.text)
                  00000ad8    00000094     SysTick.obj (.text)
                  00000b6c    00000068     rtsv7M4_T_le_v4SPD16_eabi.lib : copy_decompress_lzss.c.obj (.text:decompress:lzss:__TI_decompress_lzss)
                  00000bd4    00000044                                   : autoinit.c.obj (.text:__TI_auto_init_nobinit_nopinit:__TI_auto_init_nobinit_nopinit)
                  00000c18    00000038                                   : boot_cortex_m.c.obj (.text:_c_int00_noargs:_c_int00_noargs)
                  00000c50    0000000e                                   : copy_decompress_none.c.obj (.text:decompress:none:__TI_decompress_none)
                  00000c5e    0000000e     startup_msp432p401r_ccs.obj (.text)
                  00000c6c    00000006     Bump.obj (.text)
                  00000c72    00000004     rtsv7M4_T_le_v4SPD16_eabi.lib : pre_init.c.obj (.text:_system_pre_init)
                  00000c76    00000004                                   : exit.c.obj (.text:abort:abort)

.const     0    00000c7a    00000002     
                  00000c7a    00000002     MotorSimple.obj (.const:.string:$P$T0$1)

.cinit     0    00000c80    00000020     
                  00000c80    0000000d     (.cinit..data.load) [load image, compression = lzss]
                  00000c8d    00000003     --HOLE-- [fill = 0]
                  00000c90    00000008     (__TI_handler_table)
                  00000c98    00000008     (__TI_cinit_table)

.init_array 
*          0    00000000    00000000     UNINITIALIZED

.binit     0    00000000    00000000     

.data      0    20000000    0000001c     UNINITIALIZED
                  20000000    00000018     Clock.obj (.data)
                  20000018    00000004     system_msp432p401r.obj (.data)

.stack     0    2000fe00    00000200     UNINITIALIZED
                  2000fe00    00000004     rtsv7M4_T_le_v4SPD16_eabi.lib : boot_cortex_m.c.obj (.stack)
                  2000fe04    000001fc     --HOLE--

MODULE SUMMARY

       Module                        code   ro data   rw data
       ------                        ----   -------   -------
    ./
       system_msp432p401r.obj        812    0         8      
       Clock.obj                     480    0         48     
       MotorSimple.obj               508    2         0      
       Lab12_Motorsmain.obj          348    0         0      
       LaunchPad.obj                 244    0         0      
       startup_msp432p401r_ccs.obj   14     228       0      
       SysTick.obj                   148    0         0      
       Bump.obj                      6      0         0      
    +--+-----------------------------+------+---------+---------+
       Total:                        2560   230       56     
                                                             
    /opt/ccstudio/ccsv8/tools/compiler/ti-cgt-arm_18.1.4.LTS/lib/rtsv7M4_T_le_v4SPD16_eabi.lib
       memcpy_t2.asm.obj             156    0         0      
       copy_decompress_lzss.c.obj    104    0         0      
       autoinit.c.obj                68     0         0      
       boot_cortex_m.c.obj           56     0         0      
       copy_decompress_none.c.obj    14     0         0      
       exit.c.obj                    4      0         0      
       pre_init.c.obj                4      0         0      
    +--+-----------------------------+------+---------+---------+
       Total:                        406    0         0      
                                                             
       Stack:                        0      0         1024   
       Linker Generated:             0      29        0      
    +--+-----------------------------+------+---------+---------+
       Grand Total:                  2966   259       1080   


LINKER GENERATED COPY TABLES

__TI_cinit_table @ 00000c98 records: 1, size/record: 8, table size: 8
	.data: load addr=00000c80, load size=0000000d bytes, run addr=20000000, run size=0000001c bytes, compression=lzss


LINKER GENERATED HANDLER TABLE

__TI_handler_table @ 00000c90 records: 2, size/record: 4, table size: 8
	index: 0, handler: __TI_decompress_lzss
	index: 1, handler: __TI_decompress_none


GLOBAL SYMBOLS: SORTED ALPHABETICALLY BY Name 

address   name                          
-------   ----                          
00000c6b  ADC14_IRQHandler              
00000c6b  AES256_IRQHandler             
00000c6d  Bump_Init                     
00000c6f  Bump_Read                     
00000c6b  BusFault_Handler              
00000c77  C$$EXIT                       
00000c6b  COMP_E0_IRQHandler            
00000c6b  COMP_E1_IRQHandler            
20000008  CPMwait                       
00000c6b  CS_IRQHandler                 
20000000  ClockFrequency                
00000761  Clock_Delay1ms                
00000737  Clock_Delay1us                
00000723  Clock_GetFreq                 
0000060d  Clock_Init48MHz               
20000014  Crystalstable                 
00000c6b  DMA_ERR_IRQHandler            
00000c6b  DMA_INT0_IRQHandler           
00000c6b  DMA_INT1_IRQHandler           
00000c6b  DMA_INT2_IRQHandler           
00000c6b  DMA_INT3_IRQHandler           
00000c6b  DebugMon_Handler              
00000c6b  Default_Handler               
00000c6b  EUSCIA0_IRQHandler            
00000c6b  EUSCIA1_IRQHandler            
00000c6b  EUSCIA2_IRQHandler            
00000c6b  EUSCIA3_IRQHandler            
00000c6b  EUSCIB0_IRQHandler            
00000c6b  EUSCIB1_IRQHandler            
00000c6b  EUSCIB2_IRQHandler            
00000c6b  EUSCIB3_IRQHandler            
00000c6b  FLCTL_IRQHandler              
00000c6b  FPU_IRQHandler                
00000c6b  HardFault_Handler             
20000010  IFlags                        
00000949  LaunchPad_Init                
000009b9  LaunchPad_Input               
000009d3  LaunchPad_LED                 
000009f1  LaunchPad_Output              
00000c6b  MemManage_Handler             
000005af  Motor_BackwardSimple          
0000056d  Motor_ForwardSimple           
00000411  Motor_InitSimple              
000005bd  Motor_LeftSimple              
000005cb  Motor_RightSimple             
000004f5  Motor_StopSimple              
00000c6b  NMI_Handler                   
00000c6b  PCM_IRQHandler                
00000c6b  PORT1_IRQHandler              
00000c6b  PORT2_IRQHandler              
00000c6b  PORT3_IRQHandler              
00000c6b  PORT4_IRQHandler              
00000c6b  PORT5_IRQHandler              
00000c6b  PORT6_IRQHandler              
00000c6b  PSS_IRQHandler                
00000515  PWM                           
000007ed  Pause                         
00000c6b  PendSV_Handler                
2000000c  Postwait                      
20000004  Prewait                       
00000801  Program12_1                   
00000855  Program12_2                   
000008a5  Program12_3                   
00000c6b  RTC_C_IRQHandler              
00000c5f  Reset_Handler                 
00000c6b  SVC_Handler                   
00000c6b  SysTick_Handler               
00000ad9  SysTick_Init                  
00000ae9  SysTick_Wait                  
00000b35  SysTick_Wait10ms              
00000b0f  SysTick_Wait1us               
20000018  SystemCoreClock               
000000e5  SystemCoreClockUpdate         
00000359  SystemInit                    
00000c6b  T32_INT1_IRQHandler           
00000c6b  T32_INT2_IRQHandler           
00000c6b  T32_INTC_IRQHandler           
00000c6b  TA0_0_IRQHandler              
00000c6b  TA0_N_IRQHandler              
00000c6b  TA1_0_IRQHandler              
00000c6b  TA1_N_IRQHandler              
00000c6b  TA2_0_IRQHandler              
00000c6b  TA2_N_IRQHandler              
00000c6b  TA3_0_IRQHandler              
00000c6b  TA3_N_IRQHandler              
00000c6b  UsageFault_Handler            
4000480c  WDTCTL_SYM                    
00000c6b  WDT_A_IRQHandler              
20010000  __STACK_END                   
00000200  __STACK_SIZE                  
00000c98  __TI_CINIT_Base               
00000ca0  __TI_CINIT_Limit              
00000c90  __TI_Handler_Table_Base       
00000c98  __TI_Handler_Table_Limit      
00000bd5  __TI_auto_init_nobinit_nopinit
00000b6d  __TI_decompress_lzss          
00000c51  __TI_decompress_none          
ffffffff  __TI_pprof_out_hndl           
ffffffff  __TI_prof_data_size           
ffffffff  __TI_prof_data_start          
00000000  __TI_static_base__            
00000a3d  __aeabi_memcpy                
00000a3d  __aeabi_memcpy4               
00000a3d  __aeabi_memcpy8               
ffffffff  __binit__                     
ffffffff  __c_args__                    
UNDEFED   __mpu_init                    
2000fe00  __stack                       
00000c19  _c_int00_noargs               
UNDEFED   _system_post_cinit            
00000c73  _system_pre_init              
00000c77  abort                         
ffffffff  binit                         
00000729  delay                         
00000000  interruptVectors              
000008c9  main                          
00000a3d  memcpy                        


GLOBAL SYMBOLS: SORTED BY Symbol Address 

address   name                          
-------   ----                          
00000000  __TI_static_base__            
00000000  interruptVectors              
000000e5  SystemCoreClockUpdate         
00000200  __STACK_SIZE                  
00000359  SystemInit                    
00000411  Motor_InitSimple              
000004f5  Motor_StopSimple              
00000515  PWM                           
0000056d  Motor_ForwardSimple           
000005af  Motor_BackwardSimple          
000005bd  Motor_LeftSimple              
000005cb  Motor_RightSimple             
0000060d  Clock_Init48MHz               
00000723  Clock_GetFreq                 
00000729  delay                         
00000737  Clock_Delay1us                
00000761  Clock_Delay1ms                
000007ed  Pause                         
00000801  Program12_1                   
00000855  Program12_2                   
000008a5  Program12_3                   
000008c9  main                          
00000949  LaunchPad_Init                
000009b9  LaunchPad_Input               
000009d3  LaunchPad_LED                 
000009f1  LaunchPad_Output              
00000a3d  __aeabi_memcpy                
00000a3d  __aeabi_memcpy4               
00000a3d  __aeabi_memcpy8               
00000a3d  memcpy                        
00000ad9  SysTick_Init                  
00000ae9  SysTick_Wait                  
00000b0f  SysTick_Wait1us               
00000b35  SysTick_Wait10ms              
00000b6d  __TI_decompress_lzss          
00000bd5  __TI_auto_init_nobinit_nopinit
00000c19  _c_int00_noargs               
00000c51  __TI_decompress_none          
00000c5f  Reset_Handler                 
00000c6b  ADC14_IRQHandler              
00000c6b  AES256_IRQHandler             
00000c6b  BusFault_Handler              
00000c6b  COMP_E0_IRQHandler            
00000c6b  COMP_E1_IRQHandler            
00000c6b  CS_IRQHandler                 
00000c6b  DMA_ERR_IRQHandler            
00000c6b  DMA_INT0_IRQHandler           
00000c6b  DMA_INT1_IRQHandler           
00000c6b  DMA_INT2_IRQHandler           
00000c6b  DMA_INT3_IRQHandler           
00000c6b  DebugMon_Handler              
00000c6b  Default_Handler               
00000c6b  EUSCIA0_IRQHandler            
00000c6b  EUSCIA1_IRQHandler            
00000c6b  EUSCIA2_IRQHandler            
00000c6b  EUSCIA3_IRQHandler            
00000c6b  EUSCIB0_IRQHandler            
00000c6b  EUSCIB1_IRQHandler            
00000c6b  EUSCIB2_IRQHandler            
00000c6b  EUSCIB3_IRQHandler            
00000c6b  FLCTL_IRQHandler              
00000c6b  FPU_IRQHandler                
00000c6b  HardFault_Handler             
00000c6b  MemManage_Handler             
00000c6b  NMI_Handler                   
00000c6b  PCM_IRQHandler                
00000c6b  PORT1_IRQHandler              
00000c6b  PORT2_IRQHandler              
00000c6b  PORT3_IRQHandler              
00000c6b  PORT4_IRQHandler              
00000c6b  PORT5_IRQHandler              
00000c6b  PORT6_IRQHandler              
00000c6b  PSS_IRQHandler                
00000c6b  PendSV_Handler                
00000c6b  RTC_C_IRQHandler              
00000c6b  SVC_Handler                   
00000c6b  SysTick_Handler               
00000c6b  T32_INT1_IRQHandler           
00000c6b  T32_INT2_IRQHandler           
00000c6b  T32_INTC_IRQHandler           
00000c6b  TA0_0_IRQHandler              
00000c6b  TA0_N_IRQHandler              
00000c6b  TA1_0_IRQHandler              
00000c6b  TA1_N_IRQHandler              
00000c6b  TA2_0_IRQHandler              
00000c6b  TA2_N_IRQHandler              
00000c6b  TA3_0_IRQHandler              
00000c6b  TA3_N_IRQHandler              
00000c6b  UsageFault_Handler            
00000c6b  WDT_A_IRQHandler              
00000c6d  Bump_Init                     
00000c6f  Bump_Read                     
00000c73  _system_pre_init              
00000c77  C$$EXIT                       
00000c77  abort                         
00000c90  __TI_Handler_Table_Base       
00000c98  __TI_CINIT_Base               
00000c98  __TI_Handler_Table_Limit      
00000ca0  __TI_CINIT_Limit              
20000000  ClockFrequency                
20000004  Prewait                       
20000008  CPMwait                       
2000000c  Postwait                      
20000010  IFlags                        
20000014  Crystalstable                 
20000018  SystemCoreClock               
2000fe00  __stack                       
20010000  __STACK_END                   
4000480c  WDTCTL_SYM                    
ffffffff  __TI_pprof_out_hndl           
ffffffff  __TI_prof_data_size           
ffffffff  __TI_prof_data_start          
ffffffff  __binit__                     
ffffffff  __c_args__                    
ffffffff  binit                         
UNDEFED   __mpu_init                    
UNDEFED   _system_post_cinit            

[117 symbols]
