******************************************************************************
                  TI ARM Linker PC v16.9.0                     
******************************************************************************
>> Linked Wed Jan 24 20:45:09 2018

OUTPUT FILE NAME:   <Lab06_GPIO.out>
ENTRY POINT SYMBOL: "_c_int00"  address: 00001101


MEMORY CONFIGURATION

         name            origin    length      used     unused   attr    fill
----------------------  --------  ---------  --------  --------  ----  --------
  MAIN                  00000000   00040000  000012ce  0003ed32  R  X
  INFO                  00200000   00004000  00000000  00004000  R  X
  SRAM_CODE             01000000   00010000  0000024a  0000fdb6  RW X
  SRAM_DATA             20000000   00010000  0000024a  0000fdb6  RW  


SEGMENT ALLOCATION MAP

run origin  load origin   length   init length attrs members
----------  ----------- ---------- ----------- ----- -------
00000000    00000000    000012d0   000012d0    r-x
  00000000    00000000    000000e4   000000e4    r-- .intvecs
  000000e4    000000e4    0000116a   0000116a    r-x .text
  00001250    00001250    00000040   00000040    r-- .const
  00001290    00001290    00000040   00000040    r-- .cinit
20000000    20000000    0000004a   00000000    rw-
  20000000    20000000    00000040   00000000    rw- .data
  20000040    20000040    0000000a   00000000    rw- .bss
2000fe00    2000fe00    00000200   00000000    rw-
  2000fe00    2000fe00    00000200   00000000    rw- .stack


SECTION ALLOCATION MAP

 output                                  attributes/
section   page    origin      length       input sections
--------  ----  ----------  ----------   ----------------
.intvecs   0    00000000    000000e4     
                  00000000    000000e4     startup_msp432p401r_ccs.obj (.intvecs:retain)

.binit     0    00000000    00000000     

.text      0    000000e4    0000116a     
                  000000e4    00000630     TExaS.obj (.text)
                  00000714    0000032c     system_msp432p401r.obj (.text)
                  00000a40    000001e8     Reflectance.obj (.text)
                  00000c28    000001e0     Clock.obj (.text)
                  00000e08    00000108     Lab06_GPIOmain.obj (.text)
                  00000f10    0000009c     rtsv7M4_T_le_v4SPD16_eabi.lib : memcpy_t2.obj (.text)
                  00000fac    0000007a                                   : memset_t2.obj (.text)
                  00001026    00000002                                   : mpu_init.obj (.text)
                  00001028    00000070                                   : autoinit.obj (.text)
                  00001098    00000068                                   : copy_decompress_lzss.obj (.text:decompress:lzss)
                  00001100    00000054                                   : boot.obj (.text)
                  00001154    00000054                                   : exit.obj (.text)
                  000011a8    0000004c                                   : cpy_tbl.obj (.text)
                  000011f4    00000018                                   : args_main.obj (.text)
                  0000120c    00000014                                   : _lock.obj (.text)
                  00001220    0000000e                                   : copy_decompress_none.obj (.text:decompress:none)
                  0000122e    0000000e     startup_msp432p401r_ccs.obj (.text)
                  0000123c    0000000c     rtsv7M4_T_le_v4SPD16_eabi.lib : copy_zero_init.obj (.text:decompress:ZI)
                  00001248    00000004                                   : pre_init.obj (.text)
                  0000124c    00000002                                   : startup.obj (.text)

.const     0    00001250    00000040     
                  00001250    00000020     Reflectance.obj (.const:Mask)
                  00001270    00000020     Reflectance.obj (.const:Weight)

.cinit     0    00001290    00000040     
                  00001290    00000017     (.cinit..data.load) [load image, compression = lzss]
                  000012a7    00000001     --HOLE-- [fill = 0]
                  000012a8    0000000c     (__TI_handler_table)
                  000012b4    00000004     --HOLE-- [fill = 0]
                  000012b8    00000008     (.cinit..bss.load) [load image, compression = zero_init]
                  000012c0    00000010     (__TI_cinit_table)

.init_array 
*          0    00000000    00000000     UNINITIALIZED

.data      0    20000000    00000040     UNINITIALIZED
                  20000000    00000018     Clock.obj (.data)
                  20000018    0000000c     rtsv7M4_T_le_v4SPD16_eabi.lib : exit.obj (.data:$O1$$)
                  20000024    0000000c     TExaS.obj (.data)
                  20000030    00000008     rtsv7M4_T_le_v4SPD16_eabi.lib : _lock.obj (.data:$O1$$)
                  20000038    00000004                                   : stkdepth_vars.obj (.data)
                  2000003c    00000004     system_msp432p401r.obj (.data)

.bss       0    20000040    0000000a     UNINITIALIZED
                  20000040    00000004     (.common:PeriodicTask2)
                  20000044    00000004     (.common:Position)
                  20000048    00000001     (.common:Data)
                  20000049    00000001     (.common:LogicData)

.stack     0    2000fe00    00000200     UNINITIALIZED
                  2000fe00    00000200     --HOLE--

MODULE SUMMARY

       Module                        code   ro data   rw data
       ------                        ----   -------   -------
    .\
       TExaS.obj                     1584   0         34     
       system_msp432p401r.obj        812    0         8      
       Reflectance.obj               488    64        0      
       Clock.obj                     480    0         48     
       Lab06_GPIOmain.obj            264    0         10     
       startup_msp432p401r_ccs.obj   14     228       0      
    +--+-----------------------------+------+---------+---------+
       Total:                        3642   292       100    
                                                             
    C:\ti\ccsv7\tools\compiler\ti-cgt-arm_16.9.0.LTS\lib\rtsv7M4_T_le_v4SPD16_eabi.lib
       memcpy_t2.obj                 156    0         0      
       memset_t2.obj                 122    0         0      
       autoinit.obj                  112    0         0      
       exit.obj                      84     0         24     
       copy_decompress_lzss.obj      104    0         0      
       boot.obj                      84     0         0      
       cpy_tbl.obj                   76     0         0      
       _lock.obj                     20     0         16     
       args_main.obj                 24     0         0      
       copy_decompress_none.obj      14     0         0      
       copy_zero_init.obj            12     0         0      
       stkdepth_vars.obj             0      0         8      
       pre_init.obj                  4      0         0      
       mpu_init.obj                  2      0         0      
       startup.obj                   2      0         0      
    +--+-----------------------------+------+---------+---------+
       Total:                        816    0         48     
                                                             
       Stack:                        0      0         1024   
       Linker Generated:             0      59        0      
    +--+-----------------------------+------+---------+---------+
       Grand Total:                  4458   351       1172   


LINKER GENERATED COPY TABLES

__TI_cinit_table @ 000012c0 records: 2, size/record: 8, table size: 16
	.data: load addr=00001290, load size=00000017 bytes, run addr=20000000, run size=00000040 bytes, compression=lzss
	.bss: load addr=000012b8, load size=00000008 bytes, run addr=20000040, run size=0000000a bytes, compression=zero_init


LINKER GENERATED HANDLER TABLE

__TI_handler_table @ 000012a8 records: 3, size/record: 4, table size: 12
	index: 0, handler: __TI_decompress_lzss
	index: 1, handler: __TI_decompress_none
	index: 2, handler: __TI_zero_init


GLOBAL SYMBOLS: SORTED ALPHABETICALLY BY Name 

address   name                           
-------   ----                           
0000123b  ADC14_IRQHandler               
00000475  ADC_Init                       
0000123b  AES256_IRQHandler              
0000123b  BusFault_Handler               
00001155  C$$EXIT                        
0000123b  COMP_E0_IRQHandler             
0000123b  COMP_E1_IRQHandler             
20000008  CPMwait                        
0000123b  CS_IRQHandler                  
20000000  ClockFrequency                 
00000d7d  Clock_Delay1ms                 
00000d53  Clock_Delay1us                 
00000d3f  Clock_GetFreq                  
00000c29  Clock_Init48MHz                
20000014  Crystalstable                  
0000123b  DMA_ERR_IRQHandler             
0000123b  DMA_INT0_IRQHandler            
0000123b  DMA_INT1_IRQHandler            
0000123b  DMA_INT2_IRQHandler            
0000123b  DMA_INT3_IRQHandler            
20000048  Data                           
0000123b  DebugMon_Handler               
0000123b  Default_Handler                
0000123b  EUSCIA0_IRQHandler             
0000123b  EUSCIA1_IRQHandler             
0000123b  EUSCIA2_IRQHandler             
0000123b  EUSCIA3_IRQHandler             
0000123b  EUSCIB0_IRQHandler             
0000123b  EUSCIB1_IRQHandler             
0000123b  EUSCIB2_IRQHandler             
0000123b  EUSCIB3_IRQHandler             
0000123b  FLCTL_IRQHandler               
0000123b  FPU_IRQHandler                 
0000123b  HardFault_Handler              
20000010  IFlags                         
000000e5  LogicAnalyzer                  
000000ef  LogicAnalyzer_P1               
000001c5  LogicAnalyzer_P10              
000000fd  LogicAnalyzer_P2               
0000010b  LogicAnalyzer_P2_7654          
0000011b  LogicAnalyzer_P3               
00000129  LogicAnalyzer_P4               
00000147  LogicAnalyzer_P4_765320        
00000137  LogicAnalyzer_P4_765432        
0000017f  LogicAnalyzer_P5               
0000018d  LogicAnalyzer_P6               
0000019b  LogicAnalyzer_P7               
000001a9  LogicAnalyzer_P8               
000001b7  LogicAnalyzer_P9               
20000049  LogicData                      
00001250  Mask                           
0000123b  MemManage_Handler              
0000123b  NMI_Handler                    
0000123b  PCM_IRQHandler                 
0000123b  PORT1_IRQHandler               
0000123b  PORT2_IRQHandler               
0000123b  PORT3_IRQHandler               
0000123b  PORT4_IRQHandler               
0000123b  PORT5_IRQHandler               
0000123b  PORT6_IRQHandler               
0000123b  PSS_IRQHandler                 
0000123b  PendSV_Handler                 
20000040  PeriodicTask2                  
00000257  PeriodicTask2_Init             
000002d1  PeriodicTask2_Stop             
20000044  Position                       
2000000c  Postwait                       
20000004  Prewait                        
00000e09  Program6_1                     
0000123b  RTC_C_IRQHandler               
00000ac1  Reflectance_Center             
00000bdf  Reflectance_End                
00000a41  Reflectance_Init               
00000ad3  Reflectance_Init2              
00000b53  Reflectance_Position           
00000a7d  Reflectance_Read               
00000b15  Reflectance_Read2              
00000bb9  Reflectance_Start              
0000122f  Reset_Handler                  
UNDEFED   SHT$$INIT_ARRAY$$Base          
UNDEFED   SHT$$INIT_ARRAY$$Limit         
0000123b  SVC_Handler                    
000001d3  Scope                          
0000123b  SysTick_Handler                
2000003c  SystemCoreClock                
00000715  SystemCoreClockUpdate          
00000989  SystemInit                     
000002c1  T32_INT1_IRQHandler            
000002c1  T32_INT1_IRQHandler            
0000123b  T32_INT2_IRQHandler            
0000123b  T32_INTC_IRQHandler            
0000123b  TA0_0_IRQHandler               
0000123b  TA0_N_IRQHandler               
0000123b  TA1_0_IRQHandler               
0000123b  TA1_N_IRQHandler               
0000123b  TA2_0_IRQHandler               
0000123b  TA2_N_IRQHandler               
0000123b  TA3_0_IRQHandler               
0000123b  TA3_N_IRQHandler               
00000413  TExaS_Clear0                   
0000041f  TExaS_Clear1                   
0000042b  TExaS_Clear2                   
00000437  TExaS_Clear3                   
00000443  TExaS_Clear4                   
00000445  TExaS_Clear5                   
00000451  TExaS_Clear6                   
00000551  TExaS_Init                     
20000028  TExaS_ScopeErrConflict         
20000024  TExaS_ScopeErrLostData         
2000002c  TExaS_ScopeWrnReconfig         
000003b1  TExaS_Set                      
000003c9  TExaS_Set0                     
000003d5  TExaS_Set1                     
000003e1  TExaS_Set2                     
000003ed  TExaS_Set3                     
000003f9  TExaS_Set4                     
000003fb  TExaS_Set5                     
00000407  TExaS_Set6                     
000006b1  TExaS_Stop                     
00000367  TExaS_Task0                    
00000373  TExaS_Task1                    
0000037f  TExaS_Task2                    
0000038b  TExaS_Task3                    
00000397  TExaS_Task4                    
00000399  TExaS_Task5                    
000003a5  TExaS_Task6                    
0000033b  UART_InChar                    
000002e1  UART_Init                      
0000034b  UART_OutChar                   
0000123b  UsageFault_Handler             
4000480c  WDTCTL_SYM                     
0000123b  WDT_A_IRQHandler               
00001270  Weight                         
20010000  __STACK_END                    
00000200  __STACK_SIZE                   
000012c0  __TI_CINIT_Base                
000012d0  __TI_CINIT_Limit               
000012a8  __TI_Handler_Table_Base        
000012b4  __TI_Handler_Table_Limit       
00001029  __TI_auto_init                 
20000018  __TI_cleanup_ptr               
00001099  __TI_decompress_lzss           
00001221  __TI_decompress_none           
2000001c  __TI_dtors_ptr                 
20000020  __TI_enable_exit_profile_output
ffffffff  __TI_pprof_out_hndl            
ffffffff  __TI_prof_data_size            
ffffffff  __TI_prof_data_start           
00000000  __TI_static_base__             
0000123d  __TI_zero_init                 
00000fad  __aeabi_memclr                 
00000fad  __aeabi_memclr4                
00000fad  __aeabi_memclr8                
00000f11  __aeabi_memcpy                 
00000f11  __aeabi_memcpy4                
00000f11  __aeabi_memcpy8                
00000faf  __aeabi_memset                 
00000faf  __aeabi_memset4                
00000faf  __aeabi_memset8                
ffffffff  __binit__                      
ffffffff  __c_args__                     
00001027  __mpu_init                     
2000fe00  __stack                        
000011f5  _args_main                     
00001101  _c_int00                       
20000030  _lock                          
0000121b  _nop                           
00001213  _register_lock                 
0000120d  _register_unlock               
0000124d  _system_post_cinit             
00001249  _system_pre_init               
20000034  _unlock                        
00001159  abort                          
ffffffff  binit                          
000011a9  copy_in                        
00000d45  delay                          
00001161  exit                           
00000000  interruptVectors               
00000e2d  main                           
00000e5d  main2                          
20000038  main_func_sp                   
00000f11  memcpy                         
00000fb5  memset                         


GLOBAL SYMBOLS: SORTED BY Symbol Address 

address   name                           
-------   ----                           
00000000  __TI_static_base__             
00000000  interruptVectors               
000000e5  LogicAnalyzer                  
000000ef  LogicAnalyzer_P1               
000000fd  LogicAnalyzer_P2               
0000010b  LogicAnalyzer_P2_7654          
0000011b  LogicAnalyzer_P3               
00000129  LogicAnalyzer_P4               
00000137  LogicAnalyzer_P4_765432        
00000147  LogicAnalyzer_P4_765320        
0000017f  LogicAnalyzer_P5               
0000018d  LogicAnalyzer_P6               
0000019b  LogicAnalyzer_P7               
000001a9  LogicAnalyzer_P8               
000001b7  LogicAnalyzer_P9               
000001c5  LogicAnalyzer_P10              
000001d3  Scope                          
00000200  __STACK_SIZE                   
00000257  PeriodicTask2_Init             
000002c1  T32_INT1_IRQHandler            
000002c1  T32_INT1_IRQHandler            
000002d1  PeriodicTask2_Stop             
000002e1  UART_Init                      
0000033b  UART_InChar                    
0000034b  UART_OutChar                   
00000367  TExaS_Task0                    
00000373  TExaS_Task1                    
0000037f  TExaS_Task2                    
0000038b  TExaS_Task3                    
00000397  TExaS_Task4                    
00000399  TExaS_Task5                    
000003a5  TExaS_Task6                    
000003b1  TExaS_Set                      
000003c9  TExaS_Set0                     
000003d5  TExaS_Set1                     
000003e1  TExaS_Set2                     
000003ed  TExaS_Set3                     
000003f9  TExaS_Set4                     
000003fb  TExaS_Set5                     
00000407  TExaS_Set6                     
00000413  TExaS_Clear0                   
0000041f  TExaS_Clear1                   
0000042b  TExaS_Clear2                   
00000437  TExaS_Clear3                   
00000443  TExaS_Clear4                   
00000445  TExaS_Clear5                   
00000451  TExaS_Clear6                   
00000475  ADC_Init                       
00000551  TExaS_Init                     
000006b1  TExaS_Stop                     
00000715  SystemCoreClockUpdate          
00000989  SystemInit                     
00000a41  Reflectance_Init               
00000a7d  Reflectance_Read               
00000ac1  Reflectance_Center             
00000ad3  Reflectance_Init2              
00000b15  Reflectance_Read2              
00000b53  Reflectance_Position           
00000bb9  Reflectance_Start              
00000bdf  Reflectance_End                
00000c29  Clock_Init48MHz                
00000d3f  Clock_GetFreq                  
00000d45  delay                          
00000d53  Clock_Delay1us                 
00000d7d  Clock_Delay1ms                 
00000e09  Program6_1                     
00000e2d  main                           
00000e5d  main2                          
00000f11  __aeabi_memcpy                 
00000f11  __aeabi_memcpy4                
00000f11  __aeabi_memcpy8                
00000f11  memcpy                         
00000fad  __aeabi_memclr                 
00000fad  __aeabi_memclr4                
00000fad  __aeabi_memclr8                
00000faf  __aeabi_memset                 
00000faf  __aeabi_memset4                
00000faf  __aeabi_memset8                
00000fb5  memset                         
00001027  __mpu_init                     
00001029  __TI_auto_init                 
00001099  __TI_decompress_lzss           
00001101  _c_int00                       
00001155  C$$EXIT                        
00001159  abort                          
00001161  exit                           
000011a9  copy_in                        
000011f5  _args_main                     
0000120d  _register_unlock               
00001213  _register_lock                 
0000121b  _nop                           
00001221  __TI_decompress_none           
0000122f  Reset_Handler                  
0000123b  ADC14_IRQHandler               
0000123b  AES256_IRQHandler              
0000123b  BusFault_Handler               
0000123b  COMP_E0_IRQHandler             
0000123b  COMP_E1_IRQHandler             
0000123b  CS_IRQHandler                  
0000123b  DMA_ERR_IRQHandler             
0000123b  DMA_INT0_IRQHandler            
0000123b  DMA_INT1_IRQHandler            
0000123b  DMA_INT2_IRQHandler            
0000123b  DMA_INT3_IRQHandler            
0000123b  DebugMon_Handler               
0000123b  Default_Handler                
0000123b  EUSCIA0_IRQHandler             
0000123b  EUSCIA1_IRQHandler             
0000123b  EUSCIA2_IRQHandler             
0000123b  EUSCIA3_IRQHandler             
0000123b  EUSCIB0_IRQHandler             
0000123b  EUSCIB1_IRQHandler             
0000123b  EUSCIB2_IRQHandler             
0000123b  EUSCIB3_IRQHandler             
0000123b  FLCTL_IRQHandler               
0000123b  FPU_IRQHandler                 
0000123b  HardFault_Handler              
0000123b  MemManage_Handler              
0000123b  NMI_Handler                    
0000123b  PCM_IRQHandler                 
0000123b  PORT1_IRQHandler               
0000123b  PORT2_IRQHandler               
0000123b  PORT3_IRQHandler               
0000123b  PORT4_IRQHandler               
0000123b  PORT5_IRQHandler               
0000123b  PORT6_IRQHandler               
0000123b  PSS_IRQHandler                 
0000123b  PendSV_Handler                 
0000123b  RTC_C_IRQHandler               
0000123b  SVC_Handler                    
0000123b  SysTick_Handler                
0000123b  T32_INT2_IRQHandler            
0000123b  T32_INTC_IRQHandler            
0000123b  TA0_0_IRQHandler               
0000123b  TA0_N_IRQHandler               
0000123b  TA1_0_IRQHandler               
0000123b  TA1_N_IRQHandler               
0000123b  TA2_0_IRQHandler               
0000123b  TA2_N_IRQHandler               
0000123b  TA3_0_IRQHandler               
0000123b  TA3_N_IRQHandler               
0000123b  UsageFault_Handler             
0000123b  WDT_A_IRQHandler               
0000123d  __TI_zero_init                 
00001249  _system_pre_init               
0000124d  _system_post_cinit             
00001250  Mask                           
00001270  Weight                         
000012a8  __TI_Handler_Table_Base        
000012b4  __TI_Handler_Table_Limit       
000012c0  __TI_CINIT_Base                
000012d0  __TI_CINIT_Limit               
20000000  ClockFrequency                 
20000004  Prewait                        
20000008  CPMwait                        
2000000c  Postwait                       
20000010  IFlags                         
20000014  Crystalstable                  
20000018  __TI_cleanup_ptr               
2000001c  __TI_dtors_ptr                 
20000020  __TI_enable_exit_profile_output
20000024  TExaS_ScopeErrLostData         
20000028  TExaS_ScopeErrConflict         
2000002c  TExaS_ScopeWrnReconfig         
20000030  _lock                          
20000034  _unlock                        
20000038  main_func_sp                   
2000003c  SystemCoreClock                
20000040  PeriodicTask2                  
20000044  Position                       
20000048  Data                           
20000049  LogicData                      
2000fe00  __stack                        
20010000  __STACK_END                    
4000480c  WDTCTL_SYM                     
ffffffff  __TI_pprof_out_hndl            
ffffffff  __TI_prof_data_size            
ffffffff  __TI_prof_data_start           
ffffffff  __binit__                      
ffffffff  __c_args__                     
ffffffff  binit                          
UNDEFED   SHT$$INIT_ARRAY$$Base          
UNDEFED   SHT$$INIT_ARRAY$$Limit         

[183 symbols]
